main.c:222:5:main	8	static
main.c:320:6:SystemClock_Config	88	static
main.c:365:13:MX_TIM1_Init	56	static
main.c:415:13:MX_TIM3_Init	32	static
main.c:460:13:MX_TIM11_Init	8	static
main.c:491:13:MX_USART2_UART_Init	8	static
main.c:524:13:MX_GPIO_Init	48	static
main.c:553:6:UpdatePosition	16	static
main.c:560:10:micros	12	static
main.c:565:6:Kalman	8	static
main.c:595:6:Unwrapped	8	static
main.c:616:6:Calculate_Velocity	8	static
main.c:623:6:Calculate_Acceleration	8	static
main.c:630:6:HAL_TIM_PeriodElapsedCallback	24	static
main.c:656:6:Error_Handler	4	static,ignoring_inline_asm
