main.c:218:5:main	8	static
main.c:316:6:SystemClock_Config	88	static
main.c:361:13:MX_TIM1_Init	56	static
main.c:411:13:MX_TIM3_Init	32	static
main.c:456:13:MX_TIM11_Init	8	static
main.c:487:13:MX_USART2_UART_Init	8	static
main.c:520:13:MX_GPIO_Init	48	static
main.c:549:6:UpdatePosition	16	static
main.c:555:10:micros	12	static
main.c:560:6:Kalman	8	static
main.c:590:6:Unwrapped	4	static
main.c:611:6:Calculate_Velocity	24	static
main.c:617:6:Calculate_Acceleration	24	static
main.c:623:6:HAL_TIM_PeriodElapsedCallback	24	static
main.c:647:6:Error_Handler	4	static,ignoring_inline_asm
