Archive member included to satisfy reference by file (symbol)

D:\STM32VubeIDE\CMSIS\CMSIS-master\CMSIS\Lib\GCC\libarm_cortexM4lf_math.a(arm_mat_trans_f32.o)
                              ./Core/Src/main.o (arm_mat_trans_f32)
D:\STM32VubeIDE\CMSIS\CMSIS-master\CMSIS\Lib\GCC\libarm_cortexM4lf_math.a(arm_mat_scale_f32.o)
                              ./Core/Src/main.o (arm_mat_scale_f32)
D:\STM32VubeIDE\CMSIS\CMSIS-master\CMSIS\Lib\GCC\libarm_cortexM4lf_math.a(arm_mat_mult_f32.o)
                              ./Core/Src/main.o (arm_mat_mult_f32)
D:\STM32VubeIDE\CMSIS\CMSIS-master\CMSIS\Lib\GCC\libarm_cortexM4lf_math.a(arm_mat_inverse_f32.o)
                              ./Core/Src/main.o (arm_mat_inverse_f32)
D:\STM32VubeIDE\CMSIS\CMSIS-master\CMSIS\Lib\GCC\libarm_cortexM4lf_math.a(arm_mat_init_f32.o)
                              ./Core/Src/main.o (arm_mat_init_f32)
D:\STM32VubeIDE\CMSIS\CMSIS-master\CMSIS\Lib\GCC\libarm_cortexM4lf_math.a(arm_mat_add_f32.o)
                              ./Core/Src/main.o (arm_mat_add_f32)
d:/stm32vubeide/stm32cubeide_1.8.0/stm32cubeide/plugins/com.st.stm32cube.ide.mcu.externaltools.gnu-tools-for-stm32.9-2020-q2-update.win32_2.0.0.202105311346/tools/bin/../lib/gcc/arm-none-eabi/9.3.1/../../../../arm-none-eabi/lib/thumb/v7e-m+fp/hard\libc_nano.a(lib_a-errno.o)
                              ./Core/Src/syscalls.o (__errno)
d:/stm32vubeide/stm32cubeide_1.8.0/stm32cubeide/plugins/com.st.stm32cube.ide.mcu.externaltools.gnu-tools-for-stm32.9-2020-q2-update.win32_2.0.0.202105311346/tools/bin/../lib/gcc/arm-none-eabi/9.3.1/../../../../arm-none-eabi/lib/thumb/v7e-m+fp/hard\libc_nano.a(lib_a-exit.o)
                              d:/stm32vubeide/stm32cubeide_1.8.0/stm32cubeide/plugins/com.st.stm32cube.ide.mcu.externaltools.gnu-tools-for-stm32.9-2020-q2-update.win32_2.0.0.202105311346/tools/bin/../lib/gcc/arm-none-eabi/9.3.1/../../../../arm-none-eabi/lib/thumb/v7e-m+fp/hard/crt0.o (exit)
d:/stm32vubeide/stm32cubeide_1.8.0/stm32cubeide/plugins/com.st.stm32cube.ide.mcu.externaltools.gnu-tools-for-stm32.9-2020-q2-update.win32_2.0.0.202105311346/tools/bin/../lib/gcc/arm-none-eabi/9.3.1/../../../../arm-none-eabi/lib/thumb/v7e-m+fp/hard\libc_nano.a(lib_a-impure.o)
                              d:/stm32vubeide/stm32cubeide_1.8.0/stm32cubeide/plugins/com.st.stm32cube.ide.mcu.externaltools.gnu-tools-for-stm32.9-2020-q2-update.win32_2.0.0.202105311346/tools/bin/../lib/gcc/arm-none-eabi/9.3.1/../../../../arm-none-eabi/lib/thumb/v7e-m+fp/hard\libc_nano.a(lib_a-exit.o) (_global_impure_ptr)
d:/stm32vubeide/stm32cubeide_1.8.0/stm32cubeide/plugins/com.st.stm32cube.ide.mcu.externaltools.gnu-tools-for-stm32.9-2020-q2-update.win32_2.0.0.202105311346/tools/bin/../lib/gcc/arm-none-eabi/9.3.1/../../../../arm-none-eabi/lib/thumb/v7e-m+fp/hard\libc_nano.a(lib_a-init.o)
                              d:/stm32vubeide/stm32cubeide_1.8.0/stm32cubeide/plugins/com.st.stm32cube.ide.mcu.externaltools.gnu-tools-for-stm32.9-2020-q2-update.win32_2.0.0.202105311346/tools/bin/../lib/gcc/arm-none-eabi/9.3.1/../../../../arm-none-eabi/lib/thumb/v7e-m+fp/hard/crt0.o (__libc_init_array)
d:/stm32vubeide/stm32cubeide_1.8.0/stm32cubeide/plugins/com.st.stm32cube.ide.mcu.externaltools.gnu-tools-for-stm32.9-2020-q2-update.win32_2.0.0.202105311346/tools/bin/../lib/gcc/arm-none-eabi/9.3.1/../../../../arm-none-eabi/lib/thumb/v7e-m+fp/hard\libc_nano.a(lib_a-memset.o)
                              d:/stm32vubeide/stm32cubeide_1.8.0/stm32cubeide/plugins/com.st.stm32cube.ide.mcu.externaltools.gnu-tools-for-stm32.9-2020-q2-update.win32_2.0.0.202105311346/tools/bin/../lib/gcc/arm-none-eabi/9.3.1/../../../../arm-none-eabi/lib/thumb/v7e-m+fp/hard/crt0.o (memset)
d:/stm32vubeide/stm32cubeide_1.8.0/stm32cubeide/plugins/com.st.stm32cube.ide.mcu.externaltools.gnu-tools-for-stm32.9-2020-q2-update.win32_2.0.0.202105311346/tools/bin/../lib/gcc/arm-none-eabi/9.3.1/thumb/v7e-m+fp/hard\libgcc.a(_arm_muldf3.o)
                              ./Core/Src/main.o (__aeabi_dmul)
d:/stm32vubeide/stm32cubeide_1.8.0/stm32cubeide/plugins/com.st.stm32cube.ide.mcu.externaltools.gnu-tools-for-stm32.9-2020-q2-update.win32_2.0.0.202105311346/tools/bin/../lib/gcc/arm-none-eabi/9.3.1/thumb/v7e-m+fp/hard\libgcc.a(_arm_addsubdf3.o)
                              ./Core/Src/main.o (__aeabi_i2d)
d:/stm32vubeide/stm32cubeide_1.8.0/stm32cubeide/plugins/com.st.stm32cube.ide.mcu.externaltools.gnu-tools-for-stm32.9-2020-q2-update.win32_2.0.0.202105311346/tools/bin/../lib/gcc/arm-none-eabi/9.3.1/thumb/v7e-m+fp/hard\libgcc.a(_arm_muldivdf3.o)
                              ./Core/Src/main.o (__aeabi_ddiv)
d:/stm32vubeide/stm32cubeide_1.8.0/stm32cubeide/plugins/com.st.stm32cube.ide.mcu.externaltools.gnu-tools-for-stm32.9-2020-q2-update.win32_2.0.0.202105311346/tools/bin/../lib/gcc/arm-none-eabi/9.3.1/thumb/v7e-m+fp/hard\libgcc.a(_arm_truncdfsf2.o)
                              ./Core/Src/main.o (__aeabi_d2f)
[...]
Memory Configuration

Name             Origin             Length             Attributes
RAM              0x0000000020000000 0x0000000000020000 xrw
FLASH            0x0000000008000000 0x0000000000080000 xr
*default*        0x0000000000000000 0xffffffffffffffff

Linker script and memory map

LOAD d:/stm32vubeide/stm32cubeide_1.8.0/stm32cubeide/plugins/com.st.stm32cube.ide.mcu.externaltools.gnu-tools-for-stm32.9-2020-q2-update.win32_2.0.0.202105311346/tools/bin/../lib/gcc/arm-none-eabi/9.3.1/thumb/v7e-m+fp/hard/crti.o
LOAD d:/stm32vubeide/stm32cubeide_1.8.0/stm32cubeide/plugins/com.st.stm32cube.ide.mcu.externaltools.gnu-tools-for-stm32.9-2020-q2-update.win32_2.0.0.202105311346/tools/bin/../lib/gcc/arm-none-eabi/9.3.1/thumb/v7e-m+fp/hard/crtbegin.o
LOAD d:/stm32vubeide/stm32cubeide_1.8.0/stm32cubeide/plugins/com.st.stm32cube.ide.mcu.externaltools.gnu-tools-for-stm32.9-2020-q2-update.win32_2.0.0.202105311346/tools/bin/../lib/gcc/arm-none-eabi/9.3.1/../../../../arm-none-eabi/lib/thumb/v7e-m+fp/hard/crt0.o
LOAD ./Core/Src/main.o
LOAD ./Core/Src/stm32f4xx_hal_msp.o
LOAD ./Core/Src/stm32f4xx_it.o
LOAD ./Core/Src/syscalls.o
LOAD ./Core/Src/sysmem.o
LOAD ./Core/Src/system_stm32f4xx.o
LOAD ./Core/Startup/startup_stm32f411retx.o
LOAD ./Drivers/STM32F4xx_HAL_Driver/Src/stm32f4xx_hal.o
LOAD ./Drivers/STM32F4xx_HAL_Driver/Src/stm32f4xx_hal_cortex.o
LOAD ./Drivers/STM32F4xx_HAL_Driver/Src/stm32f4xx_hal_dma.o
LOAD ./Drivers/STM32F4xx_HAL_Driver/Src/stm32f4xx_hal_dma_ex.o
LOAD ./Drivers/STM32F4xx_HAL_Driver/Src/stm32f4xx_hal_exti.o
LOAD ./Drivers/STM32F4xx_HAL_Driver/Src/stm32f4xx_hal_flash.o
LOAD ./Drivers/STM32F4xx_HAL_Driver/Src/stm32f4xx_hal_flash_ex.o
LOAD ./Drivers/STM32F4xx_HAL_Driver/Src/stm32f4xx_hal_flash_ramfunc.o
LOAD ./Drivers/STM32F4xx_HAL_Driver/Src/stm32f4xx_hal_gpio.o
LOAD ./Drivers/STM32F4xx_HAL_Driver/Src/stm32f4xx_hal_pwr.o
LOAD ./Drivers/STM32F4xx_HAL_Driver/Src/stm32f4xx_hal_pwr_ex.o
LOAD ./Drivers/STM32F4xx_HAL_Driver/Src/stm32f4xx_hal_rcc.o
LOAD ./Drivers/STM32F4xx_HAL_Driver/Src/stm32f4xx_hal_rcc_ex.o
LOAD ./Drivers/STM32F4xx_HAL_Driver/Src/stm32f4xx_hal_tim.o
LOAD ./Drivers/STM32F4xx_HAL_Driver/Src/stm32f4xx_hal_tim_ex.o
LOAD ./Drivers/STM32F4xx_HAL_Driver/Src/stm32f4xx_hal_uart.o
LOAD D:\STM32VubeIDE\CMSIS\CMSIS-master\CMSIS\Lib\GCC\libarm_cortexM4lf_math.a
START GROUP
LOAD d:/stm32vubeide/stm32cubeide_1.8.0/stm32cubeide/plugins/com.st.stm32cube.ide.mcu.externaltools.gnu-tools-for-stm32.9-2020-q2-update.win32_2.0.0.202105311346/tools/bin/../lib/gcc/arm-none-eabi/9.3.1/../../../../arm-none-eabi/lib/thumb/v7e-m+fp/hard\libstdc++_nano.a
LOAD d:/stm32vubeide/stm32cubeide_1.8.0/stm32cubeide/plugins/com.st.stm32cube.ide.mcu.externaltools.gnu-tools-for-stm32.9-2020-q2-update.win32_2.0.0.202105311346/tools/bin/../lib/gcc/arm-none-eabi/9.3.1/../../../../arm-none-eabi/lib/thumb/v7e-m+fp/hard\libsupc++_nano.a
END GROUP
LOAD d:/stm32vubeide/stm32cubeide_1.8.0/stm32cubeide/plugins/com.st.stm32cube.ide.mcu.externaltools.gnu-tools-for-stm32.9-2020-q2-update.win32_2.0.0.202105311346/tools/bin/../lib/gcc/arm-none-eabi/9.3.1/../../../../arm-none-eabi/lib/thumb/v7e-m+fp/hard\libstdc++_nano.a
LOAD d:/stm32vubeide/stm32cubeide_1.8.0/stm32cubeide/plugins/com.st.stm32cube.ide.mcu.externaltools.gnu-tools-for-stm32.9-2020-q2-update.win32_2.0.0.202105311346/tools/bin/../lib/gcc/arm-none-eabi/9.3.1/../../../../arm-none-eabi/lib/thumb/v7e-m+fp/hard\libm.a
LOAD d:/stm32vubeide/stm32cubeide_1.8.0/stm32cubeide/plugins/com.st.stm32cube.ide.mcu.externaltools.gnu-tools-for-stm32.9-2020-q2-update.win32_2.0.0.202105311346/tools/bin/../lib/gcc/arm-none-eabi/9.3.1/../../../../arm-none-eabi/lib/thumb/v7e-m+fp/hard\libc_nano.a
START GROUP
LOAD d:/stm32vubeide/stm32cubeide_1.8.0/stm32cubeide/plugins/com.st.stm32cube.ide.mcu.externaltools.gnu-tools-for-stm32.9-2020-q2-update.win32_2.0.0.202105311346/tools/bin/../lib/gcc/arm-none-eabi/9.3.1/thumb/v7e-m+fp/hard\libgcc.a
LOAD d:/stm32vubeide/stm32cubeide_1.8.0/stm32cubeide/plugins/com.st.stm32cube.ide.mcu.externaltools.gnu-tools-for-stm32.9-2020-q2-update.win32_2.0.0.202105311346/tools/bin/../lib/gcc/arm-none-eabi/9.3.1/../../../../arm-none-eabi/lib/thumb/v7e-m+fp/hard\libc_nano.a
END GROUP
START GROUP
LOAD d:/stm32vubeide/stm32cubeide_1.8.0/stm32cubeide/plugins/com.st.stm32cube.ide.mcu.externaltools.gnu-tools-for-stm32.9-2020-q2-update.win32_2.0.0.202105311346/tools/bin/../lib/gcc/arm-none-eabi/9.3.1/thumb/v7e-m+fp/hard\libgcc.a
LOAD d:/stm32vubeide/stm32cubeide_1.8.0/stm32cubeide/plugins/com.st.stm32cube.ide.mcu.externaltools.gnu-tools-for-stm32.9-2020-q2-update.win32_2.0.0.202105311346/tools/bin/../lib/gcc/arm-none-eabi/9.3.1/../../../../arm-none-eabi/lib/thumb/v7e-m+fp/hard\libc_nano.a
LOAD d:/stm32vubeide/stm32cubeide_1.8.0/stm32cubeide/plugins/com.st.stm32cube.ide.mcu.externaltools.gnu-tools-for-stm32.9-2020-q2-update.win32_2.0.0.202105311346/tools/bin/../lib/gcc/arm-none-eabi/9.3.1/../../../../arm-none-eabi/lib/thumb/v7e-m+fp/hard\libnosys.a
END GROUP
START GROUP
LOAD d:/stm32vubeide/stm32cubeide_1.8.0/stm32cubeide/plugins/com.st.stm32cube.ide.mcu.externaltools.gnu-tools-for-stm32.9-2020-q2-update.win32_2.0.0.202105311346/tools/bin/../lib/gcc/arm-none-eabi/9.3.1/thumb/v7e-m+fp/hard\libgcc.a
LOAD d:/stm32vubeide/stm32cubeide_1.8.0/stm32cubeide/plugins/com.st.stm32cube.ide.mcu.externaltools.gnu-tools-for-stm32.9-2020-q2-update.win32_2.0.0.202105311346/tools/bin/../lib/gcc/arm-none-eabi/9.3.1/../../../../arm-none-eabi/lib/thumb/v7e-m+fp/hard\libc_nano.a
LOAD d:/stm32vubeide/stm32cubeide_1.8.0/stm32cubeide/plugins/com.st.stm32cube.ide.mcu.externaltools.gnu-tools-for-stm32.9-2020-q2-update.win32_2.0.0.202105311346/tools/bin/../lib/gcc/arm-none-eabi/9.3.1/../../../../arm-none-eabi/lib/thumb/v7e-m+fp/hard\libnosys.a
END GROUP
LOAD d:/stm32vubeide/stm32cubeide_1.8.0/stm32cubeide/plugins/com.st.stm32cube.ide.mcu.externaltools.gnu-tools-for-stm32.9-2020-q2-update.win32_2.0.0.202105311346/tools/bin/../lib/gcc/arm-none-eabi/9.3.1/thumb/v7e-m+fp/hard/crtend.o
LOAD d:/stm32vubeide/stm32cubeide_1.8.0/stm32cubeide/plugins/com.st.stm32cube.ide.mcu.externaltools.gnu-tools-for-stm32.9-2020-q2-update.win32_2.0.0.202105311346/tools/bin/../lib/gcc/arm-none-eabi/9.3.1/thumb/v7e-m+fp/hard/crtn.o
                0x0000000020020000                _estack = (ORIGIN (RAM) + LENGTH (RAM))
                0x0000000000000200                _Min_Heap_Size = 0x200
                0x0000000000000400                _Min_Stack_Size = 0x400

.isr_vector     0x0000000008000000      0x198
                0x0000000008000000                . = ALIGN (0x4)
 *(.isr_vector)
 .isr_vector    0x0000000008000000      0x198 ./Core/Startup/startup_stm32f411retx.o
                0x0000000008000000                g_pfnVectors
                0x0000000008000198                . = ALIGN (0x4)

.text           0x0000000008000198     0x3c30
                0x0000000008000198                . = ALIGN (0x4)
 *(.text)
 .text          0x0000000008000198       0x40 d:/stm32vubeide/stm32cubeide_1.8.0/stm32cubeide/plugins/com.st.stm32cube.ide.mcu.externaltools.gnu-tools-for-stm32.9-2020-q2-update.win32_2.0.0.202105311346/tools/bin/../lib/gcc/arm-none-eabi/9.3.1/thumb/v7e-m+fp/hard/crtbegin.o
 .text          0x00000000080001d8      0x378 d:/stm32vubeide/stm32cubeide_1.8.0/stm32cubeide/plugins/com.st.stm32cube.ide.mcu.externaltools.gnu-tools-for-stm32.9-2020-q2-update.win32_2.0.0.202105311346/tools/bin/../lib/gcc/arm-none-eabi/9.3.1/thumb/v7e-m+fp/hard\libgcc.a(_arm_addsubdf3.o)
                0x00000000080001d8                __aeabi_drsub
                0x00000000080001e0                __aeabi_dsub
                0x00000000080001e0                __subdf3
                0x00000000080001e4                __aeabi_dadd
                0x00000000080001e4                __adddf3
                0x000000000800045c                __floatunsidf
                0x000000000800045c                __aeabi_ui2d
                0x000000000800047c                __floatsidf
                0x000000000800047c                __aeabi_i2d
                0x00000000080004a0                __aeabi_f2d
                0x00000000080004a0                __extendsfdf2
                0x00000000080004e4                __floatundidf
                0x00000000080004e4                __aeabi_ul2d
                0x00000000080004f4                __floatdidf
                0x00000000080004f4                __aeabi_l2d
 .text          0x0000000008000550      0x424 d:/stm32vubeide/stm32cubeide_1.8.0/stm32cubeide/plugins/com.st.stm32cube.ide.mcu.externaltools.gnu-tools-for-stm32.9-2020-q2-update.win32_2.0.0.202105311346/tools/bin/../lib/gcc/arm-none-eabi/9.3.1/thumb/v7e-m+fp/hard\libgcc.a(_arm_muldivdf3.o)
                0x0000000008000550                __aeabi_dmul
                0x0000000008000550                __muldf3
                0x00000000080007a4                __divdf3
                0x00000000080007a4                __aeabi_ddiv
 .text          0x0000000008000974       0xa0 d:/stm32vubeide/stm32cubeide_1.8.0/stm32cubeide/plugins/com.st.stm32cube.ide.mcu.externaltools.gnu-tools-for-stm32.9-2020-q2-update.win32_2.0.0.202105311346/tools/bin/../lib/gcc/arm-none-eabi/9.3.1/thumb/v7e-m+fp/hard\libgcc.a(_arm_truncdfsf2.o)
                0x0000000008000974                __truncdfsf2
                0x0000000008000974                __aeabi_d2f
 .text          0x0000000008000a14       0x30 d:/stm32vubeide/stm32cubeide_1.8.0/stm32cubeide/plugins/com.st.stm32cube.ide.mcu.externaltools.gnu-tools-for-stm32.9-2020-q2-update.win32_2.0.0.202105311346/tools/bin/../lib/gcc/arm-none-eabi/9.3.1/thumb/v7e-m+fp/hard\libgcc.a(_aeabi_uldivmod.o)
                0x0000000008000a14                __aeabi_uldivmod
 .text          0x0000000008000a44      0x2c4 d:/stm32vubeide/stm32cubeide_1.8.0/stm32cubeide/plugins/com.st.stm32cube.ide.mcu.externaltools.gnu-tools-for-stm32.9-2020-q2-update.win32_2.0.0.202105311346/tools/bin/../lib/gcc/arm-none-eabi/9.3.1/thumb/v7e-m+fp/hard\libgcc.a(_udivmoddi4.o)
                0x0000000008000a44                __udivmoddi4
 .text          0x0000000008000d08        0x4 d:/stm32vubeide/stm32cubeide_1.8.0/stm32cubeide/plugins/com.st.stm32cube.ide.mcu.externaltools.gnu-tools-for-stm32.9-2020-q2-update.win32_2.0.0.202105311346/tools/bin/../lib/gcc/arm-none-eabi/9.3.1/thumb/v7e-m+fp/hard\libgcc.a(_dvmd_tls.o)
                0x0000000008000d08                __aeabi_idiv0
                0x0000000008000d08                __aeabi_ldiv0
 *(.text*)
 .text.main     0x0000000008000d0c      0x2c4 ./Core/Src/main.o
                0x0000000008000d0c                main
 .text.SystemClock_Config
                0x0000000008000fd0       0xd0 ./Core/Src/main.o
                0x0000000008000fd0                SystemClock_Config
 .text.MX_TIM1_Init
                0x00000000080010a0       0xb0 ./Core/Src/main.o
 .text.MX_TIM3_Init
                0x0000000008001150       0x9c ./Core/Src/main.o
 .text.MX_TIM11_Init
                0x00000000080011ec       0x48 ./Core/Src/main.o
 .text.MX_USART2_UART_Init
                0x0000000008001234       0x54 ./Core/Src/main.o
 .text.MX_GPIO_Init
                0x0000000008001288       0xdc ./Core/Src/main.o
 .text.UpdatePosition
                0x0000000008001364       0x5c ./Core/Src/main.o
                0x0000000008001364                UpdatePosition
 .text.Kalman   0x00000000080013c0      0x1a0 ./Core/Src/main.o
                0x00000000080013c0                Kalman
 .text.HAL_TIM_PeriodElapsedCallback
                0x0000000008001560       0x58 ./Core/Src/main.o
                0x0000000008001560                HAL_TIM_PeriodElapsedCallback
 .text.Error_Handler
                0x00000000080015b8        0xa ./Core/Src/main.o
                0x00000000080015b8                Error_Handler
 *fill*         0x00000000080015c2        0x2 
 .text.HAL_MspInit
                0x00000000080015c4       0x50 ./Core/Src/stm32f4xx_hal_msp.o
                0x00000000080015c4                HAL_MspInit
 .text.HAL_TIM_Encoder_MspInit
                0x0000000008001614       0xa0 ./Core/Src/stm32f4xx_hal_msp.o
                0x0000000008001614                HAL_TIM_Encoder_MspInit
 .text.HAL_TIM_Base_MspInit
                0x00000000080016b4       0x8c ./Core/Src/stm32f4xx_hal_msp.o
                0x00000000080016b4                HAL_TIM_Base_MspInit
 .text.HAL_UART_MspInit
                0x0000000008001740       0x90 ./Core/Src/stm32f4xx_hal_msp.o
                0x0000000008001740                HAL_UART_MspInit
 .text.NMI_Handler
                0x00000000080017d0        0x6 ./Core/Src/stm32f4xx_it.o
                0x00000000080017d0                NMI_Handler
 .text.HardFault_Handler
                0x00000000080017d6        0x6 ./Core/Src/stm32f4xx_it.o
                0x00000000080017d6                HardFault_Handler
 .text.MemManage_Handler
                0x00000000080017dc        0x6 ./Core/Src/stm32f4xx_it.o
                0x00000000080017dc                MemManage_Handler
 .text.BusFault_Handler
                0x00000000080017e2        0x6 ./Core/Src/stm32f4xx_it.o
                0x00000000080017e2                BusFault_Handler
 .text.UsageFault_Handler
                0x00000000080017e8        0x6 ./Core/Src/stm32f4xx_it.o
                0x00000000080017e8                UsageFault_Handler
 .text.SVC_Handler
                0x00000000080017ee        0xe ./Core/Src/stm32f4xx_it.o
                0x00000000080017ee                SVC_Handler
 .text.DebugMon_Handler
                0x00000000080017fc        0xe ./Core/Src/stm32f4xx_it.o
                0x00000000080017fc                DebugMon_Handler
 .text.PendSV_Handler
                0x000000000800180a        0xe ./Core/Src/stm32f4xx_it.o
                0x000000000800180a                PendSV_Handler
 .text.SysTick_Handler
                0x0000000008001818        0xc ./Core/Src/stm32f4xx_it.o
                0x0000000008001818                SysTick_Handler
 .text.TIM1_TRG_COM_TIM11_IRQHandler
                0x0000000008001824       0x1c ./Core/Src/stm32f4xx_it.o
                0x0000000008001824                TIM1_TRG_COM_TIM11_IRQHandler
 .text.TIM3_IRQHandler
                0x0000000008001840       0x14 ./Core/Src/stm32f4xx_it.o
                0x0000000008001840                TIM3_IRQHandler
 .text.SystemInit
                0x0000000008001854       0x24 ./Core/Src/system_stm32f4xx.o
                0x0000000008001854                SystemInit
 .text.Reset_Handler
                0x0000000008001878       0x50 ./Core/Startup/startup_stm32f411retx.o
                0x0000000008001878                Reset_Handler
 .text.Default_Handler
                0x00000000080018c8        0x2 ./Core/Startup/startup_stm32f411retx.o
                0x00000000080018c8                RTC_Alarm_IRQHandler
                0x00000000080018c8                EXTI2_IRQHandler
                0x00000000080018c8                SPI4_IRQHandler
                0x00000000080018c8                TIM1_CC_IRQHandler
                0x00000000080018c8                DMA2_Stream5_IRQHandler
                0x00000000080018c8                DMA1_Stream5_IRQHandler
                0x00000000080018c8                PVD_IRQHandler
                0x00000000080018c8                SDIO_IRQHandler
                0x00000000080018c8                TAMP_STAMP_IRQHandler
                0x00000000080018c8                EXTI3_IRQHandler
                0x00000000080018c8                TIM1_UP_TIM10_IRQHandler
                0x00000000080018c8                I2C3_ER_IRQHandler
                0x00000000080018c8                EXTI0_IRQHandler
                0x00000000080018c8                I2C2_EV_IRQHandler
                0x00000000080018c8                DMA1_Stream2_IRQHandler
                0x00000000080018c8                FPU_IRQHandler
                0x00000000080018c8                DMA2_Stream2_IRQHandler
                0x00000000080018c8                SPI1_IRQHandler
                0x00000000080018c8                TIM1_BRK_TIM9_IRQHandler
                0x00000000080018c8                DMA2_Stream3_IRQHandler
                0x00000000080018c8                USART6_IRQHandler
                0x00000000080018c8                DMA2_Stream0_IRQHandler
                0x00000000080018c8                TIM4_IRQHandler
                0x00000000080018c8                I2C1_EV_IRQHandler
                0x00000000080018c8                DMA1_Stream6_IRQHandler
                0x00000000080018c8                DMA1_Stream1_IRQHandler
                0x00000000080018c8                RCC_IRQHandler
                0x00000000080018c8                Default_Handler
                0x00000000080018c8                EXTI15_10_IRQHandler
                0x00000000080018c8                ADC_IRQHandler
                0x00000000080018c8                DMA1_Stream7_IRQHandler
                0x00000000080018c8                SPI5_IRQHandler
                0x00000000080018c8                TIM5_IRQHandler
                0x00000000080018c8                DMA2_Stream7_IRQHandler
                0x00000000080018c8                I2C3_EV_IRQHandler
                0x00000000080018c8                EXTI9_5_IRQHandler
                0x00000000080018c8                RTC_WKUP_IRQHandler
                0x00000000080018c8                SPI2_IRQHandler
                0x00000000080018c8                DMA1_Stream0_IRQHandler
                0x00000000080018c8                EXTI4_IRQHandler
                0x00000000080018c8                WWDG_IRQHandler
                0x00000000080018c8                TIM2_IRQHandler
                0x00000000080018c8                OTG_FS_WKUP_IRQHandler
                0x00000000080018c8                EXTI1_IRQHandler
                0x00000000080018c8                USART2_IRQHandler
                0x00000000080018c8                I2C2_ER_IRQHandler
                0x00000000080018c8                DMA2_Stream1_IRQHandler
                0x00000000080018c8                FLASH_IRQHandler
                0x00000000080018c8                DMA2_Stream4_IRQHandler
                0x00000000080018c8                USART1_IRQHandler
                0x00000000080018c8                OTG_FS_IRQHandler
                0x00000000080018c8                SPI3_IRQHandler
                0x00000000080018c8                DMA1_Stream4_IRQHandler
                0x00000000080018c8                I2C1_ER_IRQHandler
                0x00000000080018c8                DMA2_Stream6_IRQHandler
                0x00000000080018c8                DMA1_Stream3_IRQHandler
 *fill*         0x00000000080018ca        0x2 
 .text.HAL_Init
                0x00000000080018cc       0x44 ./Drivers/STM32F4xx_HAL_Driver/Src/stm32f4xx_hal.o
                0x00000000080018cc                HAL_Init
 .text.HAL_InitTick
                0x0000000008001910       0x60 ./Drivers/STM32F4xx_HAL_Driver/Src/stm32f4xx_hal.o
                0x0000000008001910                HAL_InitTick
 .text.HAL_IncTick
                0x0000000008001970       0x28 ./Drivers/STM32F4xx_HAL_Driver/Src/stm32f4xx_hal.o
                0x0000000008001970                HAL_IncTick
 .text.HAL_GetTick
                0x0000000008001998       0x18 ./Drivers/STM32F4xx_HAL_Driver/Src/stm32f4xx_hal.o
                0x0000000008001998                HAL_GetTick
 .text.__NVIC_SetPriorityGrouping
                0x00000000080019b0       0x48 ./Drivers/STM32F4xx_HAL_Driver/Src/stm32f4xx_hal_cortex.o
 .text.__NVIC_GetPriorityGrouping
                0x00000000080019f8       0x1c ./Drivers/STM32F4xx_HAL_Driver/Src/stm32f4xx_hal_cortex.o
 .text.__NVIC_EnableIRQ
                0x0000000008001a14       0x3c ./Drivers/STM32F4xx_HAL_Driver/Src/stm32f4xx_hal_cortex.o
 .text.__NVIC_SetPriority
                0x0000000008001a50       0x54 ./Drivers/STM32F4xx_HAL_Driver/Src/stm32f4xx_hal_cortex.o
 .text.NVIC_EncodePriority
                0x0000000008001aa4       0x66 ./Drivers/STM32F4xx_HAL_Driver/Src/stm32f4xx_hal_cortex.o
 *fill*         0x0000000008001b0a        0x2 
 .text.SysTick_Config
                0x0000000008001b0c       0x44 ./Drivers/STM32F4xx_HAL_Driver/Src/stm32f4xx_hal_cortex.o
 .text.HAL_NVIC_SetPriorityGrouping
                0x0000000008001b50       0x16 ./Drivers/STM32F4xx_HAL_Driver/Src/stm32f4xx_hal_cortex.o
                0x0000000008001b50                HAL_NVIC_SetPriorityGrouping
 .text.HAL_NVIC_SetPriority
                0x0000000008001b66       0x38 ./Drivers/STM32F4xx_HAL_Driver/Src/stm32f4xx_hal_cortex.o
                0x0000000008001b66                HAL_NVIC_SetPriority
 .text.HAL_NVIC_EnableIRQ
                0x0000000008001b9e       0x1c ./Drivers/STM32F4xx_HAL_Driver/Src/stm32f4xx_hal_cortex.o
                0x0000000008001b9e                HAL_NVIC_EnableIRQ
 .text.HAL_SYSTICK_Config
                0x0000000008001bba       0x18 ./Drivers/STM32F4xx_HAL_Driver/Src/stm32f4xx_hal_cortex.o
                0x0000000008001bba                HAL_SYSTICK_Config
 *fill*         0x0000000008001bd2        0x2 
 .text.HAL_GPIO_Init
                0x0000000008001bd4      0x308 ./Drivers/STM32F4xx_HAL_Driver/Src/stm32f4xx_hal_gpio.o
                0x0000000008001bd4                HAL_GPIO_Init
 .text.HAL_GPIO_WritePin
                0x0000000008001edc       0x32 ./Drivers/STM32F4xx_HAL_Driver/Src/stm32f4xx_hal_gpio.o
                0x0000000008001edc                HAL_GPIO_WritePin
 *fill*         0x0000000008001f0e        0x2 
 .text.HAL_RCC_OscConfig
                0x0000000008001f10      0x4f0 ./Drivers/STM32F4xx_HAL_Driver/Src/stm32f4xx_hal_rcc.o
                0x0000000008001f10                HAL_RCC_OscConfig
 .text.HAL_RCC_ClockConfig
                0x0000000008002400      0x1cc ./Drivers/STM32F4xx_HAL_Driver/Src/stm32f4xx_hal_rcc.o
                0x0000000008002400                HAL_RCC_ClockConfig
 .text.HAL_RCC_GetSysClockFreq
                0x00000000080025cc      0x1c4 ./Drivers/STM32F4xx_HAL_Driver/Src/stm32f4xx_hal_rcc.o
                0x00000000080025cc                HAL_RCC_GetSysClockFreq
 .text.HAL_RCC_GetHCLKFreq
                0x0000000008002790       0x18 ./Drivers/STM32F4xx_HAL_Driver/Src/stm32f4xx_hal_rcc.o
                0x0000000008002790                HAL_RCC_GetHCLKFreq
 .text.HAL_RCC_GetPCLK1Freq
                0x00000000080027a8       0x28 ./Drivers/STM32F4xx_HAL_Driver/Src/stm32f4xx_hal_rcc.o
                0x00000000080027a8                HAL_RCC_GetPCLK1Freq
 .text.HAL_RCC_GetPCLK2Freq
                0x00000000080027d0       0x28 ./Drivers/STM32F4xx_HAL_Driver/Src/stm32f4xx_hal_rcc.o
                0x00000000080027d0                HAL_RCC_GetPCLK2Freq
 .text.HAL_TIM_Base_Init
                0x00000000080027f8       0x9e ./Drivers/STM32F4xx_HAL_Driver/Src/stm32f4xx_hal_tim.o
                0x00000000080027f8                HAL_TIM_Base_Init
 *fill*         0x0000000008002896        0x2 
 .text.HAL_TIM_Base_Start_IT
                0x0000000008002898       0xc4 ./Drivers/STM32F4xx_HAL_Driver/Src/stm32f4xx_hal_tim.o
                0x0000000008002898                HAL_TIM_Base_Start_IT
 .text.HAL_TIM_Encoder_Init
                0x000000000800295c      0x14c ./Drivers/STM32F4xx_HAL_Driver/Src/stm32f4xx_hal_tim.o
                0x000000000800295c                HAL_TIM_Encoder_Init
 .text.HAL_TIM_Encoder_Start
                0x0000000008002aa8      0x11c ./Drivers/STM32F4xx_HAL_Driver/Src/stm32f4xx_hal_tim.o
                0x0000000008002aa8                HAL_TIM_Encoder_Start
 .text.HAL_TIM_IRQHandler
                0x0000000008002bc4      0x210 ./Drivers/STM32F4xx_HAL_Driver/Src/stm32f4xx_hal_tim.o
                0x0000000008002bc4                HAL_TIM_IRQHandler
 .text.HAL_TIM_ConfigClockSource
                0x0000000008002dd4      0x18e ./Drivers/STM32F4xx_HAL_Driver/Src/stm32f4xx_hal_tim.o
                0x0000000008002dd4                HAL_TIM_ConfigClockSource
 .text.HAL_TIM_OC_DelayElapsedCallback
                0x0000000008002f62       0x14 ./Drivers/STM32F4xx_HAL_Driver/Src/stm32f4xx_hal_tim.o
                0x0000000008002f62                HAL_TIM_OC_DelayElapsedCallback
 .text.HAL_TIM_IC_CaptureCallback
                0x0000000008002f76       0x14 ./Drivers/STM32F4xx_HAL_Driver/Src/stm32f4xx_hal_tim.o
                0x0000000008002f76                HAL_TIM_IC_CaptureCallback
 .text.HAL_TIM_PWM_PulseFinishedCallback
                0x0000000008002f8a       0x14 ./Drivers/STM32F4xx_HAL_Driver/Src/stm32f4xx_hal_tim.o
                0x0000000008002f8a                HAL_TIM_PWM_PulseFinishedCallback
 .text.HAL_TIM_TriggerCallback
                0x0000000008002f9e       0x14 ./Drivers/STM32F4xx_HAL_Driver/Src/stm32f4xx_hal_tim.o
                0x0000000008002f9e                HAL_TIM_TriggerCallback
 *fill*         0x0000000008002fb2        0x2 
 .text.TIM_Base_SetConfig
                0x0000000008002fb4      0x100 ./Drivers/STM32F4xx_HAL_Driver/Src/stm32f4xx_hal_tim.o
                0x0000000008002fb4                TIM_Base_SetConfig
 .text.TIM_TI1_ConfigInputStage
                0x00000000080030b4       0x5e ./Drivers/STM32F4xx_HAL_Driver/Src/stm32f4xx_hal_tim.o
 .text.TIM_TI2_ConfigInputStage
                0x0000000008003112       0x60 ./Drivers/STM32F4xx_HAL_Driver/Src/stm32f4xx_hal_tim.o
 .text.TIM_ITRx_SetConfig
                0x0000000008003172       0x36 ./Drivers/STM32F4xx_HAL_Driver/Src/stm32f4xx_hal_tim.o
 .text.TIM_ETR_SetConfig
                0x00000000080031a8       0x40 ./Drivers/STM32F4xx_HAL_Driver/Src/stm32f4xx_hal_tim.o
                0x00000000080031a8                TIM_ETR_SetConfig
 .text.TIM_CCxChannelCmd
                0x00000000080031e8       0x4a ./Drivers/STM32F4xx_HAL_Driver/Src/stm32f4xx_hal_tim.o
                0x00000000080031e8                TIM_CCxChannelCmd
 *fill*         0x0000000008003232        0x2 
 .text.HAL_TIMEx_MasterConfigSynchronization
                0x0000000008003234       0xdc ./Drivers/STM32F4xx_HAL_Driver/Src/stm32f4xx_hal_tim_ex.o
                0x0000000008003234                HAL_TIMEx_MasterConfigSynchronization
 .text.HAL_TIMEx_CommutCallback
                0x0000000008003310       0x14 ./Drivers/STM32F4xx_HAL_Driver/Src/stm32f4xx_hal_tim_ex.o
                0x0000000008003310                HAL_TIMEx_CommutCallback
 .text.HAL_TIMEx_BreakCallback
                0x0000000008003324       0x14 ./Drivers/STM32F4xx_HAL_Driver/Src/stm32f4xx_hal_tim_ex.o
                0x0000000008003324                HAL_TIMEx_BreakCallback
 .text.HAL_UART_Init
                0x0000000008003338       0x9a ./Drivers/STM32F4xx_HAL_Driver/Src/stm32f4xx_hal_uart.o
                0x0000000008003338                HAL_UART_Init
 *fill*         0x00000000080033d2        0x2 
 .text.UART_SetConfig
                0x00000000080033d4      0x390 ./Drivers/STM32F4xx_HAL_Driver/Src/stm32f4xx_hal_uart.o
 .text.arm_mat_trans_f32
                0x0000000008003764       0xe4 D:\STM32VubeIDE\CMSIS\CMSIS-master\CMSIS\Lib\GCC\libarm_cortexM4lf_math.a(arm_mat_trans_f32.o)
                0x0000000008003764                arm_mat_trans_f32
 .text.arm_mat_scale_f32
                0x0000000008003848       0x8c D:\STM32VubeIDE\CMSIS\CMSIS-master\CMSIS\Lib\GCC\libarm_cortexM4lf_math.a(arm_mat_scale_f32.o)
                0x0000000008003848                arm_mat_scale_f32
 .text.arm_mat_mult_f32
                0x00000000080038d4      0x148 D:\STM32VubeIDE\CMSIS\CMSIS-master\CMSIS\Lib\GCC\libarm_cortexM4lf_math.a(arm_mat_mult_f32.o)
                0x00000000080038d4                arm_mat_mult_f32
 .text.arm_mat_inverse_f32
                0x0000000008003a1c      0x27c D:\STM32VubeIDE\CMSIS\CMSIS-master\CMSIS\Lib\GCC\libarm_cortexM4lf_math.a(arm_mat_inverse_f32.o)
                0x0000000008003a1c                arm_mat_inverse_f32
 .text.arm_mat_init_f32
                0x0000000008003c98        0x8 D:\STM32VubeIDE\CMSIS\CMSIS-master\CMSIS\Lib\GCC\libarm_cortexM4lf_math.a(arm_mat_init_f32.o)
                0x0000000008003c98                arm_mat_init_f32
 .text.arm_mat_add_f32
                0x0000000008003ca0       0xb8 D:\STM32VubeIDE\CMSIS\CMSIS-master\CMSIS\Lib\GCC\libarm_cortexM4lf_math.a(arm_mat_add_f32.o)
                0x0000000008003ca0                arm_mat_add_f32
 .text.__libc_init_array
                0x0000000008003d58       0x48 d:/stm32vubeide/stm32cubeide_1.8.0/stm32cubeide/plugins/com.st.stm32cube.ide.mcu.externaltools.gnu-tools-for-stm32.9-2020-q2-update.win32_2.0.0.202105311346/tools/bin/../lib/gcc/arm-none-eabi/9.3.1/../../../../arm-none-eabi/lib/thumb/v7e-m+fp/hard\libc_nano.a(lib_a-init.o)
                0x0000000008003d58                __libc_init_array
 .text.memset   0x0000000008003da0       0x10 d:/stm32vubeide/stm32cubeide_1.8.0/stm32cubeide/plugins/com.st.stm32cube.ide.mcu.externaltools.gnu-tools-for-stm32.9-2020-q2-update.win32_2.0.0.202105311346/tools/bin/../lib/gcc/arm-none-eabi/9.3.1/../../../../arm-none-eabi/lib/thumb/v7e-m+fp/hard\libc_nano.a(lib_a-memset.o)
                0x0000000008003da0                memset
 *(.glue_7)
 .glue_7        0x0000000008003db0        0x0 linker stubs
 *(.glue_7t)
 .glue_7t       0x0000000008003db0        0x0 linker stubs
 *(.eh_frame)
 .eh_frame      0x0000000008003db0        0x0 d:/stm32vubeide/stm32cubeide_1.8.0/stm32cubeide/plugins/com.st.stm32cube.ide.mcu.externaltools.gnu-tools-for-stm32.9-2020-q2-update.win32_2.0.0.202105311346/tools/bin/../lib/gcc/arm-none-eabi/9.3.1/thumb/v7e-m+fp/hard/crtbegin.o
 *(.init)
 .init          0x0000000008003db0        0x4 d:/stm32vubeide/stm32cubeide_1.8.0/stm32cubeide/plugins/com.st.stm32cube.ide.mcu.externaltools.gnu-tools-for-stm32.9-2020-q2-update.win32_2.0.0.202105311346/tools/bin/../lib/gcc/arm-none-eabi/9.3.1/thumb/v7e-m+fp/hard/crti.o
                0x0000000008003db0                _init
 .init          0x0000000008003db4        0x8 d:/stm32vubeide/stm32cubeide_1.8.0/stm32cubeide/plugins/com.st.stm32cube.ide.mcu.externaltools.gnu-tools-for-stm32.9-2020-q2-update.win32_2.0.0.202105311346/tools/bin/../lib/gcc/arm-none-eabi/9.3.1/thumb/v7e-m+fp/hard/crtn.o
 *(.fini)
 .fini          0x0000000008003dbc        0x4 d:/stm32vubeide/stm32cubeide_1.8.0/stm32cubeide/plugins/com.st.stm32cube.ide.mcu.externaltools.gnu-tools-for-stm32.9-2020-q2-update.win32_2.0.0.202105311346/tools/bin/../lib/gcc/arm-none-eabi/9.3.1/thumb/v7e-m+fp/hard/crti.o
                0x0000000008003dbc                _fini
 .fini          0x0000000008003dc0        0x8 d:/stm32vubeide/stm32cubeide_1.8.0/stm32cubeide/plugins/com.st.stm32cube.ide.mcu.externaltools.gnu-tools-for-stm32.9-2020-q2-update.win32_2.0.0.202105311346/tools/bin/../lib/gcc/arm-none-eabi/9.3.1/thumb/v7e-m+fp/hard/crtn.o
                0x0000000008003dc8                . = ALIGN (0x4)
                0x0000000008003dc8                _etext = .

.vfp11_veneer   0x0000000008003dc8        0x0
 .vfp11_veneer  0x0000000008003dc8        0x0 linker stubs

.v4_bx          0x0000000008003dc8        0x0
 .v4_bx         0x0000000008003dc8        0x0 linker stubs

.iplt           0x0000000008003dc8        0x0
 .iplt          0x0000000008003dc8        0x0 d:/stm32vubeide/stm32cubeide_1.8.0/stm32cubeide/plugins/com.st.stm32cube.ide.mcu.externaltools.gnu-tools-for-stm32.9-2020-q2-update.win32_2.0.0.202105311346/tools/bin/../lib/gcc/arm-none-eabi/9.3.1/thumb/v7e-m+fp/hard/crtbegin.o

.rodata         0x0000000008003dc8       0x18
                0x0000000008003dc8                . = ALIGN (0x4)
 *(.rodata)
 *(.rodata*)
 .rodata.AHBPrescTable
                0x0000000008003dc8       0x10 ./Core/Src/system_stm32f4xx.o
                0x0000000008003dc8                AHBPrescTable
 .rodata.APBPrescTable
                0x0000000008003dd8        0x8 ./Core/Src/system_stm32f4xx.o
                0x0000000008003dd8                APBPrescTable
                0x0000000008003de0                . = ALIGN (0x4)

.ARM.extab      0x0000000008003de0        0x0
                0x0000000008003de0                . = ALIGN (0x4)
 *(.ARM.extab* .gnu.linkonce.armextab.*)
                0x0000000008003de0                . = ALIGN (0x4)

.ARM            0x0000000008003de0        0x8
                0x0000000008003de0                . = ALIGN (0x4)
                0x0000000008003de0                __exidx_start = .
 *(.ARM.exidx*)
 .ARM.exidx     0x0000000008003de0        0x8 d:/stm32vubeide/stm32cubeide_1.8.0/stm32cubeide/plugins/com.st.stm32cube.ide.mcu.externaltools.gnu-tools-for-stm32.9-2020-q2-update.win32_2.0.0.202105311346/tools/bin/../lib/gcc/arm-none-eabi/9.3.1/thumb/v7e-m+fp/hard\libgcc.a(_udivmoddi4.o)
                0x0000000008003de8                __exidx_end = .
                0x0000000008003de8                . = ALIGN (0x4)

.rel.dyn        0x0000000008003de8        0x0
 .rel.iplt      0x0000000008003de8        0x0 d:/stm32vubeide/stm32cubeide_1.8.0/stm32cubeide/plugins/com.st.stm32cube.ide.mcu.externaltools.gnu-tools-for-stm32.9-2020-q2-update.win32_2.0.0.202105311346/tools/bin/../lib/gcc/arm-none-eabi/9.3.1/thumb/v7e-m+fp/hard/crtbegin.o

.preinit_array  0x0000000008003de8        0x0
                0x0000000008003de8                . = ALIGN (0x4)
                0x0000000008003de8                PROVIDE (__preinit_array_start = .)
 *(.preinit_array*)
                0x0000000008003de8                PROVIDE (__preinit_array_end = .)
                0x0000000008003de8                . = ALIGN (0x4)

.init_array     0x0000000008003de8        0x4
                0x0000000008003de8                . = ALIGN (0x4)
                0x0000000008003de8                PROVIDE (__init_array_start = .)
 *(SORT_BY_NAME(.init_array.*))
 *(.init_array*)
 .init_array    0x0000000008003de8        0x4 d:/stm32vubeide/stm32cubeide_1.8.0/stm32cubeide/plugins/com.st.stm32cube.ide.mcu.externaltools.gnu-tools-for-stm32.9-2020-q2-update.win32_2.0.0.202105311346/tools/bin/../lib/gcc/arm-none-eabi/9.3.1/thumb/v7e-m+fp/hard/crtbegin.o
                0x0000000008003dec                PROVIDE (__init_array_end = .)
                0x0000000008003dec                . = ALIGN (0x4)

.fini_array     0x0000000008003dec        0x4
                0x0000000008003dec                . = ALIGN (0x4)
                [!provide]                        PROVIDE (__fini_array_start = .)
 *(SORT_BY_NAME(.fini_array.*))
 *(.fini_array*)
 .fini_array    0x0000000008003dec        0x4 d:/stm32vubeide/stm32cubeide_1.8.0/stm32cubeide/plugins/com.st.stm32cube.ide.mcu.externaltools.gnu-tools-for-stm32.9-2020-q2-update.win32_2.0.0.202105311346/tools/bin/../lib/gcc/arm-none-eabi/9.3.1/thumb/v7e-m+fp/hard/crtbegin.o
                [!provide]                        PROVIDE (__fini_array_end = .)
                0x0000000008003df0                . = ALIGN (0x4)
                0x0000000008003df0                _sidata = LOADADDR (.data)

.data           0x0000000020000000       0x90 load address 0x0000000008003df0
                0x0000000020000000                . = ALIGN (0x4)
                0x0000000020000000                _sdata = .
 *(.data)
 *(.data*)
 .data.A_data   0x0000000020000000       0x24 ./Core/Src/main.o
                0x0000000020000000                A_data
 .data.C_data   0x0000000020000024        0xc ./Core/Src/main.o
                0x0000000020000024                C_data
 .data.G_data   0x0000000020000030        0xc ./Core/Src/main.o
                0x0000000020000030                G_data
 .data.I_data   0x000000002000003c       0x24 ./Core/Src/main.o
                0x000000002000003c                I_data
 .data.P_data   0x0000000020000060       0x24 ./Core/Src/main.o
                0x0000000020000060                P_data
 .data.SystemCoreClock
                0x0000000020000084        0x4 ./Core/Src/system_stm32f4xx.o
                0x0000000020000084                SystemCoreClock
 .data.uwTickPrio
                0x0000000020000088        0x4 ./Drivers/STM32F4xx_HAL_Driver/Src/stm32f4xx_hal.o
                0x0000000020000088                uwTickPrio
 .data.uwTickFreq
                0x000000002000008c        0x1 ./Drivers/STM32F4xx_HAL_Driver/Src/stm32f4xx_hal.o
                0x000000002000008c                uwTickFreq
 *(.RamFunc)
 *(.RamFunc*)
                0x0000000020000090                . = ALIGN (0x4)
 *fill*         0x000000002000008d        0x3 
                0x0000000020000090                _edata = .

.igot.plt       0x0000000020000090        0x0 load address 0x0000000008003e80
 .igot.plt      0x0000000020000090        0x0 d:/stm32vubeide/stm32cubeide_1.8.0/stm32cubeide/plugins/com.st.stm32cube.ide.mcu.externaltools.gnu-tools-for-stm32.9-2020-q2-update.win32_2.0.0.202105311346/tools/bin/../lib/gcc/arm-none-eabi/9.3.1/thumb/v7e-m+fp/hard/crtbegin.o
                0x0000000020000090                . = ALIGN (0x4)

.bss            0x0000000020000090      0x3c4 load address 0x0000000008003e80
                0x0000000020000090                _sbss = .
                0x0000000020000090                __bss_start__ = _sbss
 *(.bss)
 .bss           0x0000000020000090       0x1c d:/stm32vubeide/stm32cubeide_1.8.0/stm32cubeide/plugins/com.st.stm32cube.ide.mcu.externaltools.gnu-tools-for-stm32.9-2020-q2-update.win32_2.0.0.202105311346/tools/bin/../lib/gcc/arm-none-eabi/9.3.1/thumb/v7e-m+fp/hard/crtbegin.o
 *(.bss*)
 .bss.RealDegree
                0x00000000200000ac        0x4 ./Core/Src/main.o
                0x00000000200000ac                RealDegree
 .bss._micros   0x00000000200000b0        0x8 ./Core/Src/main.o
                0x00000000200000b0                _micros
 .bss.B_data    0x00000000200000b8        0xc ./Core/Src/main.o
                0x00000000200000b8                B_data
 .bss.D_data    0x00000000200000c4        0x4 ./Core/Src/main.o
                0x00000000200000c4                D_data
 .bss.U_data    0x00000000200000c8        0x4 ./Core/Src/main.o
                0x00000000200000c8                U_data
 .bss.X_data    0x00000000200000cc        0xc ./Core/Src/main.o
                0x00000000200000cc                X_data
 .bss.Y_data    0x00000000200000d8        0x4 ./Core/Src/main.o
                0x00000000200000d8                Y_data
 *(COMMON)
 COMMON         0x00000000200000dc      0x374 ./Core/Src/main.o
                0x00000000200000dc                KYd_data
                0x00000000200000e8                D
                0x00000000200000f0                Ct
                0x00000000200000f8                Yd_data
                0x00000000200000fc                At_data
                0x0000000020000120                Xp2_data
                0x000000002000012c                Yp1_data
                0x0000000020000130                S_data
                0x0000000020000134                APAt_data
                0x0000000020000158                A
                0x0000000020000160                K
                0x0000000020000168                IKC_data
                0x000000002000018c                Xp
                0x0000000020000194                Q
                0x000000002000019c                PpCt_data
                0x00000000200001a8                CPpCt
                0x00000000200001b0                KYd
                0x00000000200001b8                R_data
                0x00000000200001bc                Xp1
                0x00000000200001c4                Y
                0x00000000200001cc                Gt_data
                0x00000000200001d8                Yp
                0x00000000200001e0                S
                0x00000000200001e8                htim3
                0x0000000020000230                B
                0x0000000020000238                Si
                0x0000000020000240                Yp2
                0x0000000020000248                C
                0x0000000020000250                APAt
                0x0000000020000258                KC_data
                0x000000002000027c                Pp
                0x0000000020000284                PpCt
                0x000000002000028c                htim11
                0x00000000200002d4                Yp_data
                0x00000000200002d8                G
                0x00000000200002e0                Gt
                0x00000000200002e8                Xp2
                0x00000000200002f0                Pp_data
                0x0000000020000314                Yd
                0x000000002000031c                KC
                0x0000000020000324                htim1
                0x000000002000036c                R
                0x0000000020000374                IKC
                0x000000002000037c                Q_data
                0x00000000200003a0                I
                0x00000000200003a8                Xp_data
                0x00000000200003b4                Ct_data
                0x00000000200003c0                huart2
                0x0000000020000404                K_data
                0x0000000020000410                U
                0x0000000020000418                Si_data
                0x000000002000041c                Yp1
                0x0000000020000424                At
                0x000000002000042c                Yp2_data
                0x0000000020000430                P
                0x0000000020000438                Xp1_data
                0x0000000020000444                CPpCt_data
                0x0000000020000448                X
 COMMON         0x0000000020000450        0x4 ./Drivers/STM32F4xx_HAL_Driver/Src/stm32f4xx_hal.o
                0x0000000020000450                uwTick
                0x0000000020000454                . = ALIGN (0x4)
                0x0000000020000454                _ebss = .
                0x0000000020000454                __bss_end__ = _ebss

._user_heap_stack
                0x0000000020000454      0x604 load address 0x0000000008003e80
                0x0000000020000458                . = ALIGN (0x8)
 *fill*         0x0000000020000454        0x4 
                [!provide]                        PROVIDE (end = .)
                0x0000000020000458                PROVIDE (_end = .)
                0x0000000020000658                . = (. + _Min_Heap_Size)
 *fill*         0x0000000020000458      0x200 
                0x0000000020000a58                . = (. + _Min_Stack_Size)
 *fill*         0x0000000020000658      0x400 
                0x0000000020000a58                . = ALIGN (0x8)

/DISCARD/
 libc.a(*)
 libm.a(*)
 libgcc.a(*)

.ARM.attributes
                0x0000000000000000       0x30
 *(.ARM.attributes)
 .ARM.attributes
                0x0000000000000000       0x1e d:/stm32vubeide/stm32cubeide_1.8.0/stm32cubeide/plugins/com.st.stm32cube.ide.mcu.externaltools.gnu-tools-for-stm32.9-2020-q2-update.win32_2.0.0.202105311346/tools/bin/../lib/gcc/arm-none-eabi/9.3.1/thumb/v7e-m+fp/hard/crti.o
 .ARM.attributes
                0x000000000000001e       0x34 d:/stm32vubeide/stm32cubeide_1.8.0/stm32cubeide/plugins/com.st.stm32cube.ide.mcu.externaltools.gnu-tools-for-stm32.9-2020-q2-update.win32_2.0.0.202105311346/tools/bin/../lib/gcc/arm-none-eabi/9.3.1/thumb/v7e-m+fp/hard/crtbegin.o
 .ARM.attributes
                0x0000000000000052       0x34 ./Core/Src/main.o
 .ARM.attributes
                0x0000000000000086       0x34 ./Core/Src/stm32f4xx_hal_msp.o
 .ARM.attributes
                0x00000000000000ba       0x34 ./Core/Src/stm32f4xx_it.o
 .ARM.attributes
                0x00000000000000ee       0x34 ./Core/Src/system_stm32f4xx.o
 .ARM.attributes
                0x0000000000000122       0x21 ./Core/Startup/startup_stm32f411retx.o
 .ARM.attributes
                0x0000000000000143       0x34 ./Drivers/STM32F4xx_HAL_Driver/Src/stm32f4xx_hal.o
 .ARM.attributes
                0x0000000000000177       0x34 ./Drivers/STM32F4xx_HAL_Driver/Src/stm32f4xx_hal_cortex.o
 .ARM.attributes
                0x00000000000001ab       0x34 ./Drivers/STM32F4xx_HAL_Driver/Src/stm32f4xx_hal_gpio.o
 .ARM.attributes
                0x00000000000001df       0x34 ./Drivers/STM32F4xx_HAL_Driver/Src/stm32f4xx_hal_rcc.o
 .ARM.attributes
                0x0000000000000213       0x34 ./Drivers/STM32F4xx_HAL_Driver/Src/stm32f4xx_hal_tim.o
 .ARM.attributes
                0x0000000000000247       0x34 ./Drivers/STM32F4xx_HAL_Driver/Src/stm32f4xx_hal_tim_ex.o
 .ARM.attributes
                0x000000000000027b       0x34 ./Drivers/STM32F4xx_HAL_Driver/Src/stm32f4xx_hal_uart.o
 .ARM.attributes
                0x00000000000002af       0x39 D:\STM32VubeIDE\CMSIS\CMSIS-master\CMSIS\Lib\GCC\libarm_cortexM4lf_math.a(arm_mat_trans_f32.o)
 .ARM.attributes
                0x00000000000002e8       0x39 D:\STM32VubeIDE\CMSIS\CMSIS-master\CMSIS\Lib\GCC\libarm_cortexM4lf_math.a(arm_mat_scale_f32.o)
 .ARM.attributes
                0x0000000000000321       0x39 D:\STM32VubeIDE\CMSIS\CMSIS-master\CMSIS\Lib\GCC\libarm_cortexM4lf_math.a(arm_mat_mult_f32.o)
 .ARM.attributes
                0x000000000000035a       0x39 D:\STM32VubeIDE\CMSIS\CMSIS-master\CMSIS\Lib\GCC\libarm_cortexM4lf_math.a(arm_mat_inverse_f32.o)
 .ARM.attributes
                0x0000000000000393       0x39 D:\STM32VubeIDE\CMSIS\CMSIS-master\CMSIS\Lib\GCC\libarm_cortexM4lf_math.a(arm_mat_init_f32.o)
 .ARM.attributes
                0x00000000000003cc       0x39 D:\STM32VubeIDE\CMSIS\CMSIS-master\CMSIS\Lib\GCC\libarm_cortexM4lf_math.a(arm_mat_add_f32.o)
 .ARM.attributes
                0x0000000000000405       0x34 d:/stm32vubeide/stm32cubeide_1.8.0/stm32cubeide/plugins/com.st.stm32cube.ide.mcu.externaltools.gnu-tools-for-stm32.9-2020-q2-update.win32_2.0.0.202105311346/tools/bin/../lib/gcc/arm-none-eabi/9.3.1/../../../../arm-none-eabi/lib/thumb/v7e-m+fp/hard\libc_nano.a(lib_a-init.o)
 .ARM.attributes
                0x0000000000000439       0x34 d:/stm32vubeide/stm32cubeide_1.8.0/stm32cubeide/plugins/com.st.stm32cube.ide.mcu.externaltools.gnu-tools-for-stm32.9-2020-q2-update.win32_2.0.0.202105311346/tools/bin/../lib/gcc/arm-none-eabi/9.3.1/../../../../arm-none-eabi/lib/thumb/v7e-m+fp/hard\libc_nano.a(lib_a-memset.o)
 .ARM.attributes
                0x000000000000046d       0x1e d:/stm32vubeide/stm32cubeide_1.8.0/stm32cubeide/plugins/com.st.stm32cube.ide.mcu.externaltools.gnu-tools-for-stm32.9-2020-q2-update.win32_2.0.0.202105311346/tools/bin/../lib/gcc/arm-none-eabi/9.3.1/thumb/v7e-m+fp/hard\libgcc.a(_arm_addsubdf3.o)
 .ARM.attributes
                0x000000000000048b       0x1e d:/stm32vubeide/stm32cubeide_1.8.0/stm32cubeide/plugins/com.st.stm32cube.ide.mcu.externaltools.gnu-tools-for-stm32.9-2020-q2-update.win32_2.0.0.202105311346/tools/bin/../lib/gcc/arm-none-eabi/9.3.1/thumb/v7e-m+fp/hard\libgcc.a(_arm_muldivdf3.o)
 .ARM.attributes
                0x00000000000004a9       0x1e d:/stm32vubeide/stm32cubeide_1.8.0/stm32cubeide/plugins/com.st.stm32cube.ide.mcu.externaltools.gnu-tools-for-stm32.9-2020-q2-update.win32_2.0.0.202105311346/tools/bin/../lib/gcc/arm-none-eabi/9.3.1/thumb/v7e-m+fp/hard\libgcc.a(_arm_truncdfsf2.o)
 .ARM.attributes
                0x00000000000004c7       0x1e d:/stm32vubeide/stm32cubeide_1.8.0/stm32cubeide/plugins/com.st.stm32cube.ide.mcu.externaltools.gnu-tools-for-stm32.9-2020-q2-update.win32_2.0.0.202105311346/tools/bin/../lib/gcc/arm-none-eabi/9.3.1/thumb/v7e-m+fp/hard\libgcc.a(_aeabi_uldivmod.o)
 .ARM.attributes
                0x00000000000004e5       0x34 d:/stm32vubeide/stm32cubeide_1.8.0/stm32cubeide/plugins/com.st.stm32cube.ide.mcu.externaltools.gnu-tools-for-stm32.9-2020-q2-update.win32_2.0.0.202105311346/tools/bin/../lib/gcc/arm-none-eabi/9.3.1/thumb/v7e-m+fp/hard\libgcc.a(_udivmoddi4.o)
 .ARM.attributes
                0x0000000000000519       0x1e d:/stm32vubeide/stm32cubeide_1.8.0/stm32cubeide/plugins/com.st.stm32cube.ide.mcu.externaltools.gnu-tools-for-stm32.9-2020-q2-update.win32_2.0.0.202105311346/tools/bin/../lib/gcc/arm-none-eabi/9.3.1/thumb/v7e-m+fp/hard\libgcc.a(_dvmd_tls.o)
 .ARM.attributes
                0x0000000000000537       0x1e d:/stm32vubeide/stm32cubeide_1.8.0/stm32cubeide/plugins/com.st.stm32cube.ide.mcu.externaltools.gnu-tools-for-stm32.9-2020-q2-update.win32_2.0.0.202105311346/tools/bin/../lib/gcc/arm-none-eabi/9.3.1/thumb/v7e-m+fp/hard/crtn.o
OUTPUT(LAB3_IDE.elf elf32-littlearm)
LOAD linker stubs
LOAD d:/stm32vubeide/stm32cubeide_1.8.0/stm32cubeide/plugins/com.st.stm32cube.ide.mcu.externaltools.gnu-tools-for-stm32.9-2020-q2-update.win32_2.0.0.202105311346/tools/bin/../lib/gcc/arm-none-eabi/9.3.1/../../../../arm-none-eabi/lib/thumb/v7e-m+fp/hard\libc.a
LOAD d:/stm32vubeide/stm32cubeide_1.8.0/stm32cubeide/plugins/com.st.stm32cube.ide.mcu.externaltools.gnu-tools-for-stm32.9-2020-q2-update.win32_2.0.0.202105311346/tools/bin/../lib/gcc/arm-none-eabi/9.3.1/../../../../arm-none-eabi/lib/thumb/v7e-m+fp/hard\libm.a
LOAD d:/stm32vubeide/stm32cubeide_1.8.0/stm32cubeide/plugins/com.st.stm32cube.ide.mcu.externaltools.gnu-tools-for-stm32.9-2020-q2-update.win32_2.0.0.202105311346/tools/bin/../lib/gcc/arm-none-eabi/9.3.1/thumb/v7e-m+fp/hard\libgcc.a

.debug_info     0x0000000000000000     0xe96e
 .debug_info    0x0000000000000000     0x1feb ./Core/Src/main.o
 .debug_info    0x0000000000001feb     0x1014 ./Core/Src/stm32f4xx_hal_msp.o
 .debug_info    0x0000000000002fff      0x823 ./Core/Src/stm32f4xx_it.o
 .debug_info    0x0000000000003822      0x5d0 ./Core/Src/system_stm32f4xx.o
 .debug_info    0x0000000000003df2       0x22 ./Core/Startup/startup_stm32f411retx.o
 .debug_info    0x0000000000003e14      0x944 ./Drivers/STM32F4xx_HAL_Driver/Src/stm32f4xx_hal.o
 .debug_info    0x0000000000004758      0xe47 ./Drivers/STM32F4xx_HAL_Driver/Src/stm32f4xx_hal_cortex.o
 .debug_info    0x000000000000559f      0x862 ./Drivers/STM32F4xx_HAL_Driver/Src/stm32f4xx_hal_gpio.o
 .debug_info    0x0000000000005e01      0x9be ./Drivers/STM32F4xx_HAL_Driver/Src/stm32f4xx_hal_rcc.o
 .debug_info    0x00000000000067bf     0x2c1a ./Drivers/STM32F4xx_HAL_Driver/Src/stm32f4xx_hal_tim.o
 .debug_info    0x00000000000093d9     0x159a ./Drivers/STM32F4xx_HAL_Driver/Src/stm32f4xx_hal_tim_ex.o
 .debug_info    0x000000000000a973     0x31d6 ./Drivers/STM32F4xx_HAL_Driver/Src/stm32f4xx_hal_uart.o
 .debug_info    0x000000000000db49      0x20c D:\STM32VubeIDE\CMSIS\CMSIS-master\CMSIS\Lib\GCC\libarm_cortexM4lf_math.a(arm_mat_trans_f32.o)
 .debug_info    0x000000000000dd55      0x26f D:\STM32VubeIDE\CMSIS\CMSIS-master\CMSIS\Lib\GCC\libarm_cortexM4lf_math.a(arm_mat_scale_f32.o)
 .debug_info    0x000000000000dfc4      0x2b1 D:\STM32VubeIDE\CMSIS\CMSIS-master\CMSIS\Lib\GCC\libarm_cortexM4lf_math.a(arm_mat_mult_f32.o)
 .debug_info    0x000000000000e275      0x344 D:\STM32VubeIDE\CMSIS\CMSIS-master\CMSIS\Lib\GCC\libarm_cortexM4lf_math.a(arm_mat_inverse_f32.o)
 .debug_info    0x000000000000e5b9      0x150 D:\STM32VubeIDE\CMSIS\CMSIS-master\CMSIS\Lib\GCC\libarm_cortexM4lf_math.a(arm_mat_init_f32.o)
 .debug_info    0x000000000000e709      0x265 D:\STM32VubeIDE\CMSIS\CMSIS-master\CMSIS\Lib\GCC\libarm_cortexM4lf_math.a(arm_mat_add_f32.o)

.debug_abbrev   0x0000000000000000     0x1ed7
 .debug_abbrev  0x0000000000000000      0x32d ./Core/Src/main.o
 .debug_abbrev  0x000000000000032d      0x206 ./Core/Src/stm32f4xx_hal_msp.o
 .debug_abbrev  0x0000000000000533      0x187 ./Core/Src/stm32f4xx_it.o
 .debug_abbrev  0x00000000000006ba      0x145 ./Core/Src/system_stm32f4xx.o
 .debug_abbrev  0x00000000000007ff       0x12 ./Core/Startup/startup_stm32f411retx.o
 .debug_abbrev  0x0000000000000811      0x21e ./Drivers/STM32F4xx_HAL_Driver/Src/stm32f4xx_hal.o
 .debug_abbrev  0x0000000000000a2f      0x33c ./Drivers/STM32F4xx_HAL_Driver/Src/stm32f4xx_hal_cortex.o
 .debug_abbrev  0x0000000000000d6b      0x1f1 ./Drivers/STM32F4xx_HAL_Driver/Src/stm32f4xx_hal_gpio.o
 .debug_abbrev  0x0000000000000f5c      0x275 ./Drivers/STM32F4xx_HAL_Driver/Src/stm32f4xx_hal_rcc.o
 .debug_abbrev  0x00000000000011d1      0x26f ./Drivers/STM32F4xx_HAL_Driver/Src/stm32f4xx_hal_tim.o
 .debug_abbrev  0x0000000000001440      0x277 ./Drivers/STM32F4xx_HAL_Driver/Src/stm32f4xx_hal_tim_ex.o
 .debug_abbrev  0x00000000000016b7      0x2fc ./Drivers/STM32F4xx_HAL_Driver/Src/stm32f4xx_hal_uart.o
 .debug_abbrev  0x00000000000019b3       0xe0 D:\STM32VubeIDE\CMSIS\CMSIS-master\CMSIS\Lib\GCC\libarm_cortexM4lf_math.a(arm_mat_trans_f32.o)
 .debug_abbrev  0x0000000000001a93       0xed D:\STM32VubeIDE\CMSIS\CMSIS-master\CMSIS\Lib\GCC\libarm_cortexM4lf_math.a(arm_mat_scale_f32.o)
 .debug_abbrev  0x0000000000001b80       0xe0 D:\STM32VubeIDE\CMSIS\CMSIS-master\CMSIS\Lib\GCC\libarm_cortexM4lf_math.a(arm_mat_mult_f32.o)
 .debug_abbrev  0x0000000000001c60      0x112 D:\STM32VubeIDE\CMSIS\CMSIS-master\CMSIS\Lib\GCC\libarm_cortexM4lf_math.a(arm_mat_inverse_f32.o)
 .debug_abbrev  0x0000000000001d72       0xa3 D:\STM32VubeIDE\CMSIS\CMSIS-master\CMSIS\Lib\GCC\libarm_cortexM4lf_math.a(arm_mat_init_f32.o)
 .debug_abbrev  0x0000000000001e15       0xc2 D:\STM32VubeIDE\CMSIS\CMSIS-master\CMSIS\Lib\GCC\libarm_cortexM4lf_math.a(arm_mat_add_f32.o)

.debug_aranges  0x0000000000000000      0xc68
 .debug_aranges
                0x0000000000000000       0x78 ./Core/Src/main.o
 .debug_aranges
                0x0000000000000078       0x50 ./Core/Src/stm32f4xx_hal_msp.o
 .debug_aranges
                0x00000000000000c8       0x70 ./Core/Src/stm32f4xx_it.o
 .debug_aranges
                0x0000000000000138       0x28 ./Core/Src/system_stm32f4xx.o
 .debug_aranges
                0x0000000000000160       0x28 ./Core/Startup/startup_stm32f411retx.o
 .debug_aranges
                0x0000000000000188       0xf0 ./Drivers/STM32F4xx_HAL_Driver/Src/stm32f4xx_hal.o
 .debug_aranges
                0x0000000000000278      0x118 ./Drivers/STM32F4xx_HAL_Driver/Src/stm32f4xx_hal_cortex.o
 .debug_aranges
                0x0000000000000390       0x58 ./Drivers/STM32F4xx_HAL_Driver/Src/stm32f4xx_hal_gpio.o
 .debug_aranges
                0x00000000000003e8       0x88 ./Drivers/STM32F4xx_HAL_Driver/Src/stm32f4xx_hal_rcc.o
 .debug_aranges
                0x0000000000000470      0x3d0 ./Drivers/STM32F4xx_HAL_Driver/Src/stm32f4xx_hal_tim.o
 .debug_aranges
                0x0000000000000840      0x168 ./Drivers/STM32F4xx_HAL_Driver/Src/stm32f4xx_hal_tim_ex.o
 .debug_aranges
                0x00000000000009a8      0x200 ./Drivers/STM32F4xx_HAL_Driver/Src/stm32f4xx_hal_uart.o
 .debug_aranges
                0x0000000000000ba8       0x20 D:\STM32VubeIDE\CMSIS\CMSIS-master\CMSIS\Lib\GCC\libarm_cortexM4lf_math.a(arm_mat_trans_f32.o)
 .debug_aranges
                0x0000000000000bc8       0x20 D:\STM32VubeIDE\CMSIS\CMSIS-master\CMSIS\Lib\GCC\libarm_cortexM4lf_math.a(arm_mat_scale_f32.o)
 .debug_aranges
                0x0000000000000be8       0x20 D:\STM32VubeIDE\CMSIS\CMSIS-master\CMSIS\Lib\GCC\libarm_cortexM4lf_math.a(arm_mat_mult_f32.o)
 .debug_aranges
                0x0000000000000c08       0x20 D:\STM32VubeIDE\CMSIS\CMSIS-master\CMSIS\Lib\GCC\libarm_cortexM4lf_math.a(arm_mat_inverse_f32.o)
 .debug_aranges
                0x0000000000000c28       0x20 D:\STM32VubeIDE\CMSIS\CMSIS-master\CMSIS\Lib\GCC\libarm_cortexM4lf_math.a(arm_mat_init_f32.o)
 .debug_aranges
                0x0000000000000c48       0x20 D:\STM32VubeIDE\CMSIS\CMSIS-master\CMSIS\Lib\GCC\libarm_cortexM4lf_math.a(arm_mat_add_f32.o)

.debug_ranges   0x0000000000000000      0xb80
 .debug_ranges  0x0000000000000000       0x68 ./Core/Src/main.o
 .debug_ranges  0x0000000000000068       0x40 ./Core/Src/stm32f4xx_hal_msp.o
 .debug_ranges  0x00000000000000a8       0x60 ./Core/Src/stm32f4xx_it.o
 .debug_ranges  0x0000000000000108       0x18 ./Core/Src/system_stm32f4xx.o
 .debug_ranges  0x0000000000000120       0x20 ./Core/Startup/startup_stm32f411retx.o
 .debug_ranges  0x0000000000000140       0xe0 ./Drivers/STM32F4xx_HAL_Driver/Src/stm32f4xx_hal.o
 .debug_ranges  0x0000000000000220      0x108 ./Drivers/STM32F4xx_HAL_Driver/Src/stm32f4xx_hal_cortex.o
 .debug_ranges  0x0000000000000328       0x48 ./Drivers/STM32F4xx_HAL_Driver/Src/stm32f4xx_hal_gpio.o
 .debug_ranges  0x0000000000000370       0x78 ./Drivers/STM32F4xx_HAL_Driver/Src/stm32f4xx_hal_rcc.o
 .debug_ranges  0x00000000000003e8      0x3c0 ./Drivers/STM32F4xx_HAL_Driver/Src/stm32f4xx_hal_tim.o
 .debug_ranges  0x00000000000007a8      0x158 ./Drivers/STM32F4xx_HAL_Driver/Src/stm32f4xx_hal_tim_ex.o
 .debug_ranges  0x0000000000000900      0x220 ./Drivers/STM32F4xx_HAL_Driver/Src/stm32f4xx_hal_uart.o
 .debug_ranges  0x0000000000000b20       0x10 D:\STM32VubeIDE\CMSIS\CMSIS-master\CMSIS\Lib\GCC\libarm_cortexM4lf_math.a(arm_mat_trans_f32.o)
 .debug_ranges  0x0000000000000b30       0x10 D:\STM32VubeIDE\CMSIS\CMSIS-master\CMSIS\Lib\GCC\libarm_cortexM4lf_math.a(arm_mat_scale_f32.o)
 .debug_ranges  0x0000000000000b40       0x10 D:\STM32VubeIDE\CMSIS\CMSIS-master\CMSIS\Lib\GCC\libarm_cortexM4lf_math.a(arm_mat_mult_f32.o)
 .debug_ranges  0x0000000000000b50       0x10 D:\STM32VubeIDE\CMSIS\CMSIS-master\CMSIS\Lib\GCC\libarm_cortexM4lf_math.a(arm_mat_inverse_f32.o)
 .debug_ranges  0x0000000000000b60       0x10 D:\STM32VubeIDE\CMSIS\CMSIS-master\CMSIS\Lib\GCC\libarm_cortexM4lf_math.a(arm_mat_init_f32.o)
 .debug_ranges  0x0000000000000b70       0x10 D:\STM32VubeIDE\CMSIS\CMSIS-master\CMSIS\Lib\GCC\libarm_cortexM4lf_math.a(arm_mat_add_f32.o)

.debug_macro    0x0000000000000000    0x16041
 .debug_macro   0x0000000000000000      0x2e0 ./Core/Src/main.o
 .debug_macro   0x00000000000002e0      0xaa8 ./Core/Src/main.o
 .debug_macro   0x0000000000000d88      0x29b ./Core/Src/main.o
 .debug_macro   0x0000000000001023       0x2e ./Core/Src/main.o
 .debug_macro   0x0000000000001051       0x28 ./Core/Src/main.o
 .debug_macro   0x0000000000001079       0x22 ./Core/Src/main.o
 .debug_macro   0x000000000000109b       0x8e ./Core/Src/main.o
 .debug_macro   0x0000000000001129       0x51 ./Core/Src/main.o
 .debug_macro   0x000000000000117a      0x103 ./Core/Src/main.o
 .debug_macro   0x000000000000127d       0x6a ./Core/Src/main.o
 .debug_macro   0x00000000000012e7      0x1df ./Core/Src/main.o
 .debug_macro   0x00000000000014c6       0x1c ./Core/Src/main.o
 .debug_macro   0x00000000000014e2       0x22 ./Core/Src/main.o
 .debug_macro   0x0000000000001504       0xdf ./Core/Src/main.o
 .debug_macro   0x00000000000015e3     0x102d ./Core/Src/main.o
 .debug_macro   0x0000000000002610      0x11f ./Core/Src/main.o
 .debug_macro   0x000000000000272f     0xb953 ./Core/Src/main.o
 .debug_macro   0x000000000000e082       0x6d ./Core/Src/main.o
 .debug_macro   0x000000000000e0ef     0x3666 ./Core/Src/main.o
 .debug_macro   0x0000000000011755      0x174 ./Core/Src/main.o
 .debug_macro   0x00000000000118c9       0x5c ./Core/Src/main.o
 .debug_macro   0x0000000000011925      0x447 ./Core/Src/main.o
 .debug_macro   0x0000000000011d6c      0x9fe ./Core/Src/main.o
 .debug_macro   0x000000000001276a      0x116 ./Core/Src/main.o
 .debug_macro   0x0000000000012880      0x11b ./Core/Src/main.o
 .debug_macro   0x000000000001299b       0xa5 ./Core/Src/main.o
 .debug_macro   0x0000000000012a40      0x15f ./Core/Src/main.o
 .debug_macro   0x0000000000012b9f      0x287 ./Core/Src/main.o
 .debug_macro   0x0000000000012e26       0x5f ./Core/Src/main.o
 .debug_macro   0x0000000000012e85      0x236 ./Core/Src/main.o
 .debug_macro   0x00000000000130bb      0x132 ./Core/Src/main.o
 .debug_macro   0x00000000000131ed      0x264 ./Core/Src/main.o
 .debug_macro   0x0000000000013451       0x2e ./Core/Src/main.o
 .debug_macro   0x000000000001347f      0x11a ./Core/Src/main.o
 .debug_macro   0x0000000000013599       0x85 ./Core/Src/main.o
 .debug_macro   0x000000000001361e       0x89 ./Core/Src/main.o
 .debug_macro   0x00000000000136a7      0x8d1 ./Core/Src/main.o
 .debug_macro   0x0000000000013f78       0x47 ./Core/Src/main.o
 .debug_macro   0x0000000000013fbf      0x295 ./Core/Src/main.o
 .debug_macro   0x0000000000014254      0x126 ./Core/Src/main.o
 .debug_macro   0x000000000001437a       0x58 ./Core/Src/main.o
 .debug_macro   0x00000000000143d2       0x12 ./Core/Src/main.o
 .debug_macro   0x00000000000143e4       0x52 ./Core/Src/main.o
 .debug_macro   0x0000000000014436       0x18 ./Core/Src/main.o
 .debug_macro   0x000000000001444e       0x3c ./Core/Src/main.o
 .debug_macro   0x000000000001448a       0x34 ./Core/Src/main.o
 .debug_macro   0x00000000000144be       0x16 ./Core/Src/main.o
 .debug_macro   0x00000000000144d4       0x43 ./Core/Src/main.o
 .debug_macro   0x0000000000014517       0x34 ./Core/Src/main.o
 .debug_macro   0x000000000001454b       0x10 ./Core/Src/main.o
 .debug_macro   0x000000000001455b       0x58 ./Core/Src/main.o
 .debug_macro   0x00000000000145b3       0x71 ./Core/Src/main.o
 .debug_macro   0x0000000000014624       0x1c ./Core/Src/main.o
 .debug_macro   0x0000000000014640      0x12a ./Core/Src/main.o
 .debug_macro   0x000000000001476a      0x333 ./Core/Src/main.o
 .debug_macro   0x0000000000014a9d       0x10 ./Core/Src/main.o
 .debug_macro   0x0000000000014aad       0x35 ./Core/Src/main.o
 .debug_macro   0x0000000000014ae2       0x20 ./Core/Src/main.o
 .debug_macro   0x0000000000014b02      0x1a9 ./Core/Src/main.o
 .debug_macro   0x0000000000014cab       0xd6 ./Core/Src/main.o
 .debug_macro   0x0000000000014d81      0x1dd ./Core/Src/stm32f4xx_hal_msp.o
 .debug_macro   0x0000000000014f5e      0x1e7 ./Core/Src/stm32f4xx_it.o
 .debug_macro   0x0000000000015145      0x1ce ./Core/Src/system_stm32f4xx.o
 .debug_macro   0x0000000000015313      0x22e ./Drivers/STM32F4xx_HAL_Driver/Src/stm32f4xx_hal.o
 .debug_macro   0x0000000000015541      0x1ce ./Drivers/STM32F4xx_HAL_Driver/Src/stm32f4xx_hal_cortex.o
 .debug_macro   0x000000000001570f      0x1d4 ./Drivers/STM32F4xx_HAL_Driver/Src/stm32f4xx_hal_gpio.o
 .debug_macro   0x00000000000158e3      0x1f2 ./Drivers/STM32F4xx_HAL_Driver/Src/stm32f4xx_hal_rcc.o
 .debug_macro   0x0000000000015ad5      0x1cf ./Drivers/STM32F4xx_HAL_Driver/Src/stm32f4xx_hal_tim.o
 .debug_macro   0x0000000000015ca4      0x1ce ./Drivers/STM32F4xx_HAL_Driver/Src/stm32f4xx_hal_tim_ex.o
 .debug_macro   0x0000000000015e72      0x1cf ./Drivers/STM32F4xx_HAL_Driver/Src/stm32f4xx_hal_uart.o

.debug_line     0x0000000000000000     0xd3ae
 .debug_line    0x0000000000000000      0xb31 ./Core/Src/main.o
 .debug_line    0x0000000000000b31      0x7ec ./Core/Src/stm32f4xx_hal_msp.o
 .debug_line    0x000000000000131d      0x7e2 ./Core/Src/stm32f4xx_it.o
 .debug_line    0x0000000000001aff      0x770 ./Core/Src/system_stm32f4xx.o
 .debug_line    0x000000000000226f       0x88 ./Core/Startup/startup_stm32f411retx.o
 .debug_line    0x00000000000022f7      0x9d6 ./Drivers/STM32F4xx_HAL_Driver/Src/stm32f4xx_hal.o
 .debug_line    0x0000000000002ccd      0xc85 ./Drivers/STM32F4xx_HAL_Driver/Src/stm32f4xx_hal_cortex.o
 .debug_line    0x0000000000003952      0xb10 ./Drivers/STM32F4xx_HAL_Driver/Src/stm32f4xx_hal_gpio.o
 .debug_line    0x0000000000004462      0xd52 ./Drivers/STM32F4xx_HAL_Driver/Src/stm32f4xx_hal_rcc.o
 .debug_line    0x00000000000051b4     0x34a4 ./Drivers/STM32F4xx_HAL_Driver/Src/stm32f4xx_hal_tim.o
 .debug_line    0x0000000000008658     0x196e ./Drivers/STM32F4xx_HAL_Driver/Src/stm32f4xx_hal_tim_ex.o
 .debug_line    0x0000000000009fc6     0x2a5d ./Drivers/STM32F4xx_HAL_Driver/Src/stm32f4xx_hal_uart.o
 .debug_line    0x000000000000ca23      0x191 D:\STM32VubeIDE\CMSIS\CMSIS-master\CMSIS\Lib\GCC\libarm_cortexM4lf_math.a(arm_mat_trans_f32.o)
 .debug_line    0x000000000000cbb4      0x176 D:\STM32VubeIDE\CMSIS\CMSIS-master\CMSIS\Lib\GCC\libarm_cortexM4lf_math.a(arm_mat_scale_f32.o)
 .debug_line    0x000000000000cd2a      0x1bc D:\STM32VubeIDE\CMSIS\CMSIS-master\CMSIS\Lib\GCC\libarm_cortexM4lf_math.a(arm_mat_mult_f32.o)
 .debug_line    0x000000000000cee6      0x201 D:\STM32VubeIDE\CMSIS\CMSIS-master\CMSIS\Lib\GCC\libarm_cortexM4lf_math.a(arm_mat_inverse_f32.o)
 .debug_line    0x000000000000d0e7      0x143 D:\STM32VubeIDE\CMSIS\CMSIS-master\CMSIS\Lib\GCC\libarm_cortexM4lf_math.a(arm_mat_init_f32.o)
 .debug_line    0x000000000000d22a      0x184 D:\STM32VubeIDE\CMSIS\CMSIS-master\CMSIS\Lib\GCC\libarm_cortexM4lf_math.a(arm_mat_add_f32.o)

.debug_str      0x0000000000000000    0x8e1e0
 .debug_str     0x0000000000000000    0x8b2e5 ./Core/Src/main.o
                                      0x8b760 (size before relaxing)
 .debug_str     0x000000000008b2e5      0x457 ./Core/Src/stm32f4xx_hal_msp.o
                                      0x876da (size before relaxing)
 .debug_str     0x000000000008b73c       0xeb ./Core/Src/stm32f4xx_it.o
                                      0x87011 (size before relaxing)
 .debug_str     0x000000000008b827       0xaf ./Core/Src/system_stm32f4xx.o
                                      0x86a7f (size before relaxing)
 .debug_str     0x000000000008b8d6       0x36 ./Core/Startup/startup_stm32f411retx.o
                                         0x58 (size before relaxing)
 .debug_str     0x000000000008b90c      0x58d ./Drivers/STM32F4xx_HAL_Driver/Src/stm32f4xx_hal.o
                                      0x87409 (size before relaxing)
 .debug_str     0x000000000008be99      0x399 ./Drivers/STM32F4xx_HAL_Driver/Src/stm32f4xx_hal_cortex.o
                                      0x871e6 (size before relaxing)
 .debug_str     0x000000000008c232      0x15f ./Drivers/STM32F4xx_HAL_Driver/Src/stm32f4xx_hal_gpio.o
                                      0x86c26 (size before relaxing)
 .debug_str     0x000000000008c391      0x24e ./Drivers/STM32F4xx_HAL_Driver/Src/stm32f4xx_hal_rcc.o
                                      0x86e81 (size before relaxing)
 .debug_str     0x000000000008c5df      0xd0a ./Drivers/STM32F4xx_HAL_Driver/Src/stm32f4xx_hal_tim.o
                                      0x87d9c (size before relaxing)
 .debug_str     0x000000000008d2e9      0x4ee ./Drivers/STM32F4xx_HAL_Driver/Src/stm32f4xx_hal_tim_ex.o
                                      0x8754d (size before relaxing)
 .debug_str     0x000000000008d7d7      0x604 ./Drivers/STM32F4xx_HAL_Driver/Src/stm32f4xx_hal_uart.o
                                      0x873f5 (size before relaxing)
 .debug_str     0x000000000008dddb      0x20c D:\STM32VubeIDE\CMSIS\CMSIS-master\CMSIS\Lib\GCC\libarm_cortexM4lf_math.a(arm_mat_trans_f32.o)
                                        0x306 (size before relaxing)
 .debug_str     0x000000000008dfe7       0x5e D:\STM32VubeIDE\CMSIS\CMSIS-master\CMSIS\Lib\GCC\libarm_cortexM4lf_math.a(arm_mat_scale_f32.o)
                                        0x330 (size before relaxing)
 .debug_str     0x000000000008e045       0x74 D:\STM32VubeIDE\CMSIS\CMSIS-master\CMSIS\Lib\GCC\libarm_cortexM4lf_math.a(arm_mat_mult_f32.o)
                                        0x326 (size before relaxing)
 .debug_str     0x000000000008e0b9       0xa7 D:\STM32VubeIDE\CMSIS\CMSIS-master\CMSIS\Lib\GCC\libarm_cortexM4lf_math.a(arm_mat_inverse_f32.o)
                                        0x372 (size before relaxing)
 .debug_str     0x000000000008e160       0x37 D:\STM32VubeIDE\CMSIS\CMSIS-master\CMSIS\Lib\GCC\libarm_cortexM4lf_math.a(arm_mat_init_f32.o)
                                        0x24e (size before relaxing)
 .debug_str     0x000000000008e197       0x49 D:\STM32VubeIDE\CMSIS\CMSIS-master\CMSIS\Lib\GCC\libarm_cortexM4lf_math.a(arm_mat_add_f32.o)
                                        0x341 (size before relaxing)

.comment        0x0000000000000000       0xc3
 .comment       0x0000000000000000       0x53 ./Core/Src/main.o
                                         0x54 (size before relaxing)
 .comment       0x0000000000000053       0x54 ./Core/Src/stm32f4xx_hal_msp.o
 .comment       0x0000000000000053       0x54 ./Core/Src/stm32f4xx_it.o
 .comment       0x0000000000000053       0x54 ./Core/Src/system_stm32f4xx.o
 .comment       0x0000000000000053       0x54 ./Drivers/STM32F4xx_HAL_Driver/Src/stm32f4xx_hal.o
 .comment       0x0000000000000053       0x54 ./Drivers/STM32F4xx_HAL_Driver/Src/stm32f4xx_hal_cortex.o
 .comment       0x0000000000000053       0x54 ./Drivers/STM32F4xx_HAL_Driver/Src/stm32f4xx_hal_gpio.o
 .comment       0x0000000000000053       0x54 ./Drivers/STM32F4xx_HAL_Driver/Src/stm32f4xx_hal_rcc.o
 .comment       0x0000000000000053       0x54 ./Drivers/STM32F4xx_HAL_Driver/Src/stm32f4xx_hal_tim.o
 .comment       0x0000000000000053       0x54 ./Drivers/STM32F4xx_HAL_Driver/Src/stm32f4xx_hal_tim_ex.o
 .comment       0x0000000000000053       0x54 ./Drivers/STM32F4xx_HAL_Driver/Src/stm32f4xx_hal_uart.o
 .comment       0x0000000000000053       0x70 D:\STM32VubeIDE\CMSIS\CMSIS-master\CMSIS\Lib\GCC\libarm_cortexM4lf_math.a(arm_mat_trans_f32.o)
                                         0x71 (size before relaxing)
 .comment       0x00000000000000c3       0x71 D:\STM32VubeIDE\CMSIS\CMSIS-master\CMSIS\Lib\GCC\libarm_cortexM4lf_math.a(arm_mat_scale_f32.o)
 .comment       0x00000000000000c3       0x71 D:\STM32VubeIDE\CMSIS\CMSIS-master\CMSIS\Lib\GCC\libarm_cortexM4lf_math.a(arm_mat_mult_f32.o)
 .comment       0x00000000000000c3       0x71 D:\STM32VubeIDE\CMSIS\CMSIS-master\CMSIS\Lib\GCC\libarm_cortexM4lf_math.a(arm_mat_inverse_f32.o)
 .comment       0x00000000000000c3       0x71 D:\STM32VubeIDE\CMSIS\CMSIS-master\CMSIS\Lib\GCC\libarm_cortexM4lf_math.a(arm_mat_init_f32.o)
 .comment       0x00000000000000c3       0x71 D:\STM32VubeIDE\CMSIS\CMSIS-master\CMSIS\Lib\GCC\libarm_cortexM4lf_math.a(arm_mat_add_f32.o)

.debug_frame    0x0000000000000000     0x33bc
 .debug_frame   0x0000000000000000      0x19c ./Core/Src/main.o
 .debug_frame   0x000000000000019c      0x10c ./Core/Src/stm32f4xx_hal_msp.o
 .debug_frame   0x00000000000002a8      0x13c ./Core/Src/stm32f4xx_it.o
 .debug_frame   0x00000000000003e4       0x58 ./Core/Src/system_stm32f4xx.o
 .debug_frame   0x000000000000043c      0x374 ./Drivers/STM32F4xx_HAL_Driver/Src/stm32f4xx_hal.o
 .debug_frame   0x00000000000007b0      0x498 ./Drivers/STM32F4xx_HAL_Driver/Src/stm32f4xx_hal_cortex.o
 .debug_frame   0x0000000000000c48      0x14c ./Drivers/STM32F4xx_HAL_Driver/Src/stm32f4xx_hal_gpio.o
 .debug_frame   0x0000000000000d94      0x1f0 ./Drivers/STM32F4xx_HAL_Driver/Src/stm32f4xx_hal_rcc.o
 .debug_frame   0x0000000000000f84     0x11bc ./Drivers/STM32F4xx_HAL_Driver/Src/stm32f4xx_hal_tim.o
 .debug_frame   0x0000000000002140      0x638 ./Drivers/STM32F4xx_HAL_Driver/Src/stm32f4xx_hal_tim_ex.o
 .debug_frame   0x0000000000002778      0x92c ./Drivers/STM32F4xx_HAL_Driver/Src/stm32f4xx_hal_uart.o
 .debug_frame   0x00000000000030a4       0x44 D:\STM32VubeIDE\CMSIS\CMSIS-master\CMSIS\Lib\GCC\libarm_cortexM4lf_math.a(arm_mat_trans_f32.o)
 .debug_frame   0x00000000000030e8       0x34 D:\STM32VubeIDE\CMSIS\CMSIS-master\CMSIS\Lib\GCC\libarm_cortexM4lf_math.a(arm_mat_scale_f32.o)
 .debug_frame   0x000000000000311c       0x44 D:\STM32VubeIDE\CMSIS\CMSIS-master\CMSIS\Lib\GCC\libarm_cortexM4lf_math.a(arm_mat_mult_f32.o)
 .debug_frame   0x0000000000003160       0x40 D:\STM32VubeIDE\CMSIS\CMSIS-master\CMSIS\Lib\GCC\libarm_cortexM4lf_math.a(arm_mat_inverse_f32.o)
 .debug_frame   0x00000000000031a0       0x20 D:\STM32VubeIDE\CMSIS\CMSIS-master\CMSIS\Lib\GCC\libarm_cortexM4lf_math.a(arm_mat_init_f32.o)
 .debug_frame   0x00000000000031c0       0x30 D:\STM32VubeIDE\CMSIS\CMSIS-master\CMSIS\Lib\GCC\libarm_cortexM4lf_math.a(arm_mat_add_f32.o)
 .debug_frame   0x00000000000031f0       0x2c d:/stm32vubeide/stm32cubeide_1.8.0/stm32cubeide/plugins/com.st.stm32cube.ide.mcu.externaltools.gnu-tools-for-stm32.9-2020-q2-update.win32_2.0.0.202105311346/tools/bin/../lib/gcc/arm-none-eabi/9.3.1/../../../../arm-none-eabi/lib/thumb/v7e-m+fp/hard\libc_nano.a(lib_a-init.o)
 .debug_frame   0x000000000000321c       0x20 d:/stm32vubeide/stm32cubeide_1.8.0/stm32cubeide/plugins/com.st.stm32cube.ide.mcu.externaltools.gnu-tools-for-stm32.9-2020-q2-update.win32_2.0.0.202105311346/tools/bin/../lib/gcc/arm-none-eabi/9.3.1/../../../../arm-none-eabi/lib/thumb/v7e-m+fp/hard\libc_nano.a(lib_a-memset.o)
 .debug_frame   0x000000000000323c       0xac d:/stm32vubeide/stm32cubeide_1.8.0/stm32cubeide/plugins/com.st.stm32cube.ide.mcu.externaltools.gnu-tools-for-stm32.9-2020-q2-update.win32_2.0.0.202105311346/tools/bin/../lib/gcc/arm-none-eabi/9.3.1/thumb/v7e-m+fp/hard\libgcc.a(_arm_addsubdf3.o)
 .debug_frame   0x00000000000032e8       0x50 d:/stm32vubeide/stm32cubeide_1.8.0/stm32cubeide/plugins/com.st.stm32cube.ide.mcu.externaltools.gnu-tools-for-stm32.9-2020-q2-update.win32_2.0.0.202105311346/tools/bin/../lib/gcc/arm-none-eabi/9.3.1/thumb/v7e-m+fp/hard\libgcc.a(_arm_muldivdf3.o)
 .debug_frame   0x0000000000003338       0x24 d:/stm32vubeide/stm32cubeide_1.8.0/stm32cubeide/plugins/com.st.stm32cube.ide.mcu.externaltools.gnu-tools-for-stm32.9-2020-q2-update.win32_2.0.0.202105311346/tools/bin/../lib/gcc/arm-none-eabi/9.3.1/thumb/v7e-m+fp/hard\libgcc.a(_arm_truncdfsf2.o)
 .debug_frame   0x000000000000335c       0x2c d:/stm32vubeide/stm32cubeide_1.8.0/stm32cubeide/plugins/com.st.stm32cube.ide.mcu.externaltools.gnu-tools-for-stm32.9-2020-q2-update.win32_2.0.0.202105311346/tools/bin/../lib/gcc/arm-none-eabi/9.3.1/thumb/v7e-m+fp/hard\libgcc.a(_aeabi_uldivmod.o)
 .debug_frame   0x0000000000003388       0x34 d:/stm32vubeide/stm32cubeide_1.8.0/stm32cubeide/plugins/com.st.stm32cube.ide.mcu.externaltools.gnu-tools-for-stm32.9-2020-q2-update.win32_2.0.0.202105311346/tools/bin/../lib/gcc/arm-none-eabi/9.3.1/thumb/v7e-m+fp/hard\libgcc.a(_udivmoddi4.o)

.debug_loc      0x0000000000000000     0x13da
 .debug_loc     0x0000000000000000      0x25c D:\STM32VubeIDE\CMSIS\CMSIS-master\CMSIS\Lib\GCC\libarm_cortexM4lf_math.a(arm_mat_trans_f32.o)
 .debug_loc     0x000000000000025c      0x232 D:\STM32VubeIDE\CMSIS\CMSIS-master\CMSIS\Lib\GCC\libarm_cortexM4lf_math.a(arm_mat_scale_f32.o)
 .debug_loc     0x000000000000048e      0x4b3 D:\STM32VubeIDE\CMSIS\CMSIS-master\CMSIS\Lib\GCC\libarm_cortexM4lf_math.a(arm_mat_mult_f32.o)
 .debug_loc     0x0000000000000941      0x7ca D:\STM32VubeIDE\CMSIS\CMSIS-master\CMSIS\Lib\GCC\libarm_cortexM4lf_math.a(arm_mat_inverse_f32.o)
 .debug_loc     0x000000000000110b      0x2cf D:\STM32VubeIDE\CMSIS\CMSIS-master\CMSIS\Lib\GCC\libarm_cortexM4lf_math.a(arm_mat_add_f32.o)
